Archive member included because of file (symbol)

D:\SCUOLA\PIC32_START\source\libmchp_peripheral_32MX575F512L.a(pcache.o)
                              objects\main.o (CheKseg0CacheOn)
D:\SCUOLA\PIC32_START\source\libmchp_peripheral_32MX575F512L.a(int_disable_interrupts_lib.o)
                              objects\main.o (INTDisableInterrupts)
D:\SCUOLA\PIC32_START\source\libmchp_peripheral_32MX575F512L.a(int_restore_interrupts_lib.o)
                              objects\main.o (INTRestoreInterrupts)
D:\SCUOLA\PIC32_START\source\libmchp_peripheral_32MX575F512L.a(int_enable_mv_int_lib.o)
                              objects\main.o (INTEnableSystemMultiVectoredInt)
D:\SCUOLA\PIC32_START\source\libmchp_peripheral_32MX575F512L.a(spi_getc_spi2_lib_legacy.o)
                              objects\SD-SPI.o (getcSPI2)
D:\SCUOLA\PIC32_START\source\libmchp_peripheral_32MX575F512L.a(spi_open_spi2_lib_legacy.o)
                              objects\SD-SPI.o (OpenSPI2)
D:\SCUOLA\PIC32_START\source\libmchp_peripheral_32MX575F512L.a(spi_brg_tbl_lib_legacy.o)
                              D:\SCUOLA\PIC32_START\source\libmchp_peripheral_32MX575F512L.a(spi_open_spi2_lib_legacy.o) (_SpiBrgConvTbl)
D:\SCUOLA\PIC32_START\source\libmchp_peripheral_32MX575F512L.a(int_enable_interrupts_lib.o)
                              D:\SCUOLA\PIC32_START\source\libmchp_peripheral_32MX575F512L.a(int_enable_mv_int_lib.o) (INTEnableInterrupts)
c:/program files/microchip/xc32/v1.33/bin/bin/../../lib/gcc/pic32mx/4.5.2/../../../../pic32mx/lib\libpic32.a(memset.o)
                              objects\FSIO.o (memset)
c:/program files/microchip/xc32/v1.33/bin/bin/../../lib/gcc/pic32mx/4.5.2/../../../../pic32mx/lib\libpic32.a(strcpy.o)
                              objects\FSIO.o (strcpy)
c:/program files/microchip/xc32/v1.33/bin/bin/../../lib/gcc/pic32mx/4.5.2/../../../../pic32mx/lib\libpic32.a(strlen.o)
                              objects\FSIO.o (strlen)
c:/program files/microchip/xc32/v1.33/bin/bin/../../lib/gcc/pic32mx/4.5.2/../../../../pic32mx/lib\libpic32.a(default-bootstrap-exception-handler.o)
                              c:/program files/microchip/xc32/v1.33/bin/bin/../../lib/gcc/pic32mx/4.5.2/../../../../pic32mx/lib/./proc/32MX575F512L/crt0_mips32r2.o (_bootstrap_exception_handler)
c:/program files/microchip/xc32/v1.33/bin/bin/../../lib/gcc/pic32mx/4.5.2/../../../../pic32mx/lib\libpic32.a(default-on-reset.o)
                              c:/program files/microchip/xc32/v1.33/bin/bin/../../lib/gcc/pic32mx/4.5.2/../../../../pic32mx/lib/./proc/32MX575F512L/crt0_mips32r2.o (_on_reset)
c:/program files/microchip/xc32/v1.33/bin/bin/../../lib/gcc/pic32mx/4.5.2/../../../../pic32mx/lib\libpic32.a(default-on-bootstrap.o)
                              c:/program files/microchip/xc32/v1.33/bin/bin/../../lib/gcc/pic32mx/4.5.2/../../../../pic32mx/lib/./proc/32MX575F512L/crt0_mips32r2.o (_on_bootstrap)
c:/program files/microchip/xc32/v1.33/bin/bin/../../lib/gcc/pic32mx/4.5.2/../../../../pic32mx/lib\libpic32.a(default-nmi-handler.o)
                              c:/program files/microchip/xc32/v1.33/bin/bin/../../lib/gcc/pic32mx/4.5.2/../../../../pic32mx/lib/./proc/32MX575F512L/crt0_mips32r2.o (_nmi_handler)
c:/program files/microchip/xc32/v1.33/bin/bin/../../lib/gcc/pic32mx/4.5.2/../../../../pic32mx/lib\libpic32.a(general-exception.o)
                              c:/program files/microchip/xc32/v1.33/bin/bin/../../lib/gcc/pic32mx/4.5.2/../../../../pic32mx/lib/./proc/32MX575F512L/crt0_mips32r2.o (_general_exception_context)
c:/program files/microchip/xc32/v1.33/bin/bin/../../lib/gcc/pic32mx/4.5.2/../../../../pic32mx/lib\libpic32.a(vector0.o)
                              c:/program files/microchip/xc32/v1.33/bin/bin/../../lib/gcc/pic32mx/4.5.2/../../../../pic32mx/lib/./proc/32MX575F512L\default_isr_vectors.o (__vector_dispatch_0)
c:/program files/microchip/xc32/v1.33/bin/bin/../../lib/gcc/pic32mx/4.5.2/../../../../pic32mx/lib\libpic32.a(vector1.o)
                              c:/program files/microchip/xc32/v1.33/bin/bin/../../lib/gcc/pic32mx/4.5.2/../../../../pic32mx/lib/./proc/32MX575F512L\default_isr_vectors.o (__vector_dispatch_1)
c:/program files/microchip/xc32/v1.33/bin/bin/../../lib/gcc/pic32mx/4.5.2/../../../../pic32mx/lib\libpic32.a(vector2.o)
                              c:/program files/microchip/xc32/v1.33/bin/bin/../../lib/gcc/pic32mx/4.5.2/../../../../pic32mx/lib/./proc/32MX575F512L\default_isr_vectors.o (__vector_dispatch_2)
c:/program files/microchip/xc32/v1.33/bin/bin/../../lib/gcc/pic32mx/4.5.2/../../../../pic32mx/lib\libpic32.a(vector3.o)
                              c:/program files/microchip/xc32/v1.33/bin/bin/../../lib/gcc/pic32mx/4.5.2/../../../../pic32mx/lib/./proc/32MX575F512L\default_isr_vectors.o (__vector_dispatch_3)
c:/program files/microchip/xc32/v1.33/bin/bin/../../lib/gcc/pic32mx/4.5.2/../../../../pic32mx/lib\libpic32.a(vector5.o)
[...]
Memory Configuration

Name             Origin             Length             Attributes
kseg0_program_mem 0x9d007490         0x00079b70         xr
kseg0_boot_mem   0x9d006000         0x00000000
exception_mem    0x9d006000         0x00001000
kseg1_boot_mem   0x9d007000         0x00000490
debug_exec_mem   0xbfc02000         0x00000ff0
config3          0xbfc02ff0         0x00000004
config2          0xbfc02ff4         0x00000004
config1          0xbfc02ff8         0x00000004
config0          0xbfc02ffc         0x00000004
kseg1_data_mem   0xa0000000         0x00010000         w !x
sfrs             0xbf800000         0x00100000
configsfrs       0xbfc02ff0         0x00000010
*default*        0x00000000         0xffffffff

Linker script and memory map

LOAD c:/program files/microchip/xc32/v1.33/bin/bin/../../lib/gcc/pic32mx/4.5.2/../../../../pic32mx/lib/./proc/32MX575F512L/crt0_mips32r2.o
LOAD c:/program files/microchip/xc32/v1.33/bin/bin/../../lib/gcc/pic32mx/4.5.2/../../../../pic32mx/lib\debug-exception-return.o
LOAD objects\main.o
LOAD objects\TimerFunctions.o
LOAD objects\global_var.o
LOAD objects\EEPROM.o
LOAD objects\SD-SPI.o
LOAD objects\FSIO.o
LOAD objects\pwm.o
LOAD objects\F_COM1_A.o
LOAD D:\SCUOLA\PIC32_START\source\libmchp_peripheral.a
LOAD D:\SCUOLA\PIC32_START\source\libmchp_peripheral_32MX575F512L.a
                0x00000400                PROVIDE (_min_stack_size, 0x400)
LOAD c:/program files/microchip/xc32/v1.33/bin/bin/../../lib/gcc/pic32mx/4.5.2/../../../../pic32mx/lib/./proc/32MX575F512L\processor.o
                0x00000001                PROVIDE (_vector_spacing, 0x1)
                0x9d006000                _ebase_address = 0x9d006000
                0x9d007000                _RESET_ADDR = 0x9d007000
                0x9d007380                _BEV_EXCPT_ADDR = 0x9d007380
                0x9d007480                _DBG_EXCPT_ADDR = 0x9d007480
                0xbfc02000                _DBG_CODE_ADDR = 0xbfc02000
                0x00000ff0                _DBG_CODE_SIZE = 0xff0
                0x9d006180                _GEN_EXCPT_ADDR = (_ebase_address + 0x180)

.config_BFC02FF0
                0xbfc02ff0        0x4
 *(.config_BFC02FF0)
 .config_BFC02FF0
                0xbfc02ff0        0x4 objects\main.o

.config_BFC02FF4
                0xbfc02ff4        0x4
 *(.config_BFC02FF4)
 .config_BFC02FF4
                0xbfc02ff4        0x4 objects\main.o

.config_BFC02FF8
                0xbfc02ff8        0x4
 *(.config_BFC02FF8)
 .config_BFC02FF8
                0xbfc02ff8        0x4 objects\main.o

.config_BFC02FFC
                0xbfc02ffc        0x4
 *(.config_BFC02FFC)
 .config_BFC02FFC
                0xbfc02ffc        0x4 objects\main.o
                0xbfc02000                PROVIDE (_DBG_CODE_ADDR, 0xbfc02000)
                0x00000ff0                PROVIDE (_DBG_CODE_SIZE, 0xff0)

.reset          0x9d007000      0x1f0
 *(.reset)
 .reset         0x9d007000        0x8 c:/program files/microchip/xc32/v1.33/bin/bin/../../lib/gcc/pic32mx/4.5.2/../../../../pic32mx/lib/./proc/32MX575F512L/crt0_mips32r2.o
                0x9d007000                _reset
 *(.reset.startup)
 .reset.startup
                0x9d007008      0x1e8 c:/program files/microchip/xc32/v1.33/bin/bin/../../lib/gcc/pic32mx/4.5.2/../../../../pic32mx/lib/./proc/32MX575F512L/crt0_mips32r2.o

.bev_excpt      0x9d007380       0x10
 *(.bev_handler)
 .bev_handler   0x9d007380       0x10 c:/program files/microchip/xc32/v1.33/bin/bin/../../lib/gcc/pic32mx/4.5.2/../../../../pic32mx/lib/./proc/32MX575F512L/crt0_mips32r2.o

.dbg_excpt      0x9d007480        0x0
                0x9d007480                . = (. + DEFINED (_DEBUGGER)?0x8:0x0)

.dbg_code       0xbfc02000        0x0
                0xbfc02000                . = (. + DEFINED (_DEBUGGER)?_DBG_CODE_SIZE:0x0)

.app_excpt      0x9d006180       0x10
 *(.gen_handler)
 .gen_handler   0x9d006180       0x10 c:/program files/microchip/xc32/v1.33/bin/bin/../../lib/gcc/pic32mx/4.5.2/../../../../pic32mx/lib/./proc/32MX575F512L/crt0_mips32r2.o

.vector_0       0x9d006200        0x8
 *(.vector_0)
 .vector_0      0x9d006200        0x8 c:/program files/microchip/xc32/v1.33/bin/bin/../../lib/gcc/pic32mx/4.5.2/../../../../pic32mx/lib\libpic32.a(vector0.o)
                0x9d006200                __vector_dispatch_0
                0x00000001                ASSERT (((_vector_spacing == 0x0) || (SIZEOF (.vector_0) <= (_vector_spacing << 0x5))), function at exception vector 0 too large)

.vector_1       0x9d006220        0x8
 *(.vector_1)
 .vector_1      0x9d006220        0x8 c:/program files/microchip/xc32/v1.33/bin/bin/../../lib/gcc/pic32mx/4.5.2/../../../../pic32mx/lib\libpic32.a(vector1.o)
                0x9d006220                __vector_dispatch_1
                0x00000001                ASSERT (((_vector_spacing == 0x0) || (SIZEOF (.vector_1) <= (_vector_spacing << 0x5))), function at exception vector 1 too large)

.vector_2       0x9d006240        0x8
 *(.vector_2)
 .vector_2      0x9d006240        0x8 c:/program files/microchip/xc32/v1.33/bin/bin/../../lib/gcc/pic32mx/4.5.2/../../../../pic32mx/lib\libpic32.a(vector2.o)
                0x9d006240                __vector_dispatch_2
                0x00000001                ASSERT (((_vector_spacing == 0x0) || (SIZEOF (.vector_2) <= (_vector_spacing << 0x5))), function at exception vector 2 too large)

.vector_3       0x9d006260        0x8
 *(.vector_3)
 .vector_3      0x9d006260        0x8 c:/program files/microchip/xc32/v1.33/bin/bin/../../lib/gcc/pic32mx/4.5.2/../../../../pic32mx/lib\libpic32.a(vector3.o)
                0x9d006260                __vector_dispatch_3
                0x00000001                ASSERT (((_vector_spacing == 0x0) || (SIZEOF (.vector_3) <= (_vector_spacing << 0x5))), function at exception vector 3 too large)

.vector_4       0x9d006280        0x8
 *(.vector_4)
 .vector_4      0x9d006280        0x8 objects\TimerFunctions.o
                0x9d006280                __vector_dispatch_4
                0x00000001                ASSERT (((_vector_spacing == 0x0) || (SIZEOF (.vector_4) <= (_vector_spacing << 0x5))), function at exception vector 4 too large)

.vector_5       0x9d0062a0        0x8
 *(.vector_5)
 .vector_5      0x9d0062a0        0x8 c:/program files/microchip/xc32/v1.33/bin/bin/../../lib/gcc/pic32mx/4.5.2/../../../../pic32mx/lib\libpic32.a(vector5.o)
                0x9d0062a0                __vector_dispatch_5
                0x00000001                ASSERT (((_vector_spacing == 0x0) || (SIZEOF (.vector_5) <= (_vector_spacing << 0x5))), function at exception vector 5 too large)

.vector_6       0x9d0062c0        0x8
 *(.vector_6)
 .vector_6      0x9d0062c0        0x8 c:/program files/microchip/xc32/v1.33/bin/bin/../../lib/gcc/pic32mx/4.5.2/../../../../pic32mx/lib\libpic32.a(vector6.o)
                0x9d0062c0                __vector_dispatch_6
                0x00000001                ASSERT (((_vector_spacing == 0x0) || (SIZEOF (.vector_6) <= (_vector_spacing << 0x5))), function at exception vector 6 too large)

.vector_7       0x9d0062e0        0x8
 *(.vector_7)
 .vector_7      0x9d0062e0        0x8 c:/program files/microchip/xc32/v1.33/bin/bin/../../lib/gcc/pic32mx/4.5.2/../../../../pic32mx/lib\libpic32.a(vector7.o)
                0x9d0062e0                __vector_dispatch_7
                0x00000001                ASSERT (((_vector_spacing == 0x0) || (SIZEOF (.vector_7) <= (_vector_spacing << 0x5))), function at exception vector 7 too large)

.vector_8       0x9d006300        0x8
 *(.vector_8)
 .vector_8      0x9d006300        0x8 objects\TimerFunctions.o
                0x9d006300                __vector_dispatch_8
                0x00000001                ASSERT (((_vector_spacing == 0x0) || (SIZEOF (.vector_8) <= (_vector_spacing << 0x5))), function at exception vector 8 too large)

.vector_9       0x9d006320        0x8
 *(.vector_9)
 .vector_9      0x9d006320        0x8 c:/program files/microchip/xc32/v1.33/bin/bin/../../lib/gcc/pic32mx/4.5.2/../../../../pic32mx/lib\libpic32.a(vector9.o)
                0x9d006320                __vector_dispatch_9
                0x00000001                ASSERT (((_vector_spacing == 0x0) || (SIZEOF (.vector_9) <= (_vector_spacing << 0x5))), function at exception vector 9 too large)

.vector_10      0x9d006340        0x8
 *(.vector_10)
 .vector_10     0x9d006340        0x8 c:/program files/microchip/xc32/v1.33/bin/bin/../../lib/gcc/pic32mx/4.5.2/../../../../pic32mx/lib\libpic32.a(vector10.o)
                0x9d006340                __vector_dispatch_10
                0x00000001                ASSERT (((_vector_spacing == 0x0) || (SIZEOF (.vector_10) <= (_vector_spacing << 0x5))), function at exception vector 10 too large)

.vector_11      0x9d006360        0x8
 *(.vector_11)
 .vector_11     0x9d006360        0x8 c:/program files/microchip/xc32/v1.33/bin/bin/../../lib/gcc/pic32mx/4.5.2/../../../../pic32mx/lib\libpic32.a(vector11.o)
                0x9d006360                __vector_dispatch_11
                0x00000001                ASSERT (((_vector_spacing == 0x0) || (SIZEOF (.vector_11) <= (_vector_spacing << 0x5))), function at exception vector 11 too large)

.vector_12      0x9d006380        0x8
 *(.vector_12)
 .vector_12     0x9d006380        0x8 objects\TimerFunctions.o
                0x9d006380                __vector_dispatch_12
                0x00000001                ASSERT (((_vector_spacing == 0x0) || (SIZEOF (.vector_12) <= (_vector_spacing << 0x5))), function at exception vector 12 too large)

.vector_13      0x9d0063a0        0x8
 *(.vector_13)
 .vector_13     0x9d0063a0        0x8 c:/program files/microchip/xc32/v1.33/bin/bin/../../lib/gcc/pic32mx/4.5.2/../../../../pic32mx/lib\libpic32.a(vector13.o)
                0x9d0063a0                __vector_dispatch_13
                0x00000001                ASSERT (((_vector_spacing == 0x0) || (SIZEOF (.vector_13) <= (_vector_spacing << 0x5))), function at exception vector 13 too large)

.vector_14      0x9d0063c0        0x8
 *(.vector_14)
 .vector_14     0x9d0063c0        0x8 c:/program files/microchip/xc32/v1.33/bin/bin/../../lib/gcc/pic32mx/4.5.2/../../../../pic32mx/lib\libpic32.a(vector14.o)
                0x9d0063c0                __vector_dispatch_14
                0x00000001                ASSERT (((_vector_spacing == 0x0) || (SIZEOF (.vector_14) <= (_vector_spacing << 0x5))), function at exception vector 14 too large)

.vector_15      0x9d0063e0        0x8
 *(.vector_15)
 .vector_15     0x9d0063e0        0x8 c:/program files/microchip/xc32/v1.33/bin/bin/../../lib/gcc/pic32mx/4.5.2/../../../../pic32mx/lib\libpic32.a(vector15.o)
                0x9d0063e0                __vector_dispatch_15
                0x00000001                ASSERT (((_vector_spacing == 0x0) || (SIZEOF (.vector_15) <= (_vector_spacing << 0x5))), function at exception vector 15 too large)

.vector_16      0x9d006400        0x8
 *(.vector_16)
 .vector_16     0x9d006400        0x8 c:/program files/microchip/xc32/v1.33/bin/bin/../../lib/gcc/pic32mx/4.5.2/../../../../pic32mx/lib\libpic32.a(vector16.o)
                0x9d006400                __vector_dispatch_16
                0x00000001                ASSERT (((_vector_spacing == 0x0) || (SIZEOF (.vector_16) <= (_vector_spacing << 0x5))), function at exception vector 16 too large)

.vector_17      0x9d006420        0x8
 *(.vector_17)
 .vector_17     0x9d006420        0x8 c:/program files/microchip/xc32/v1.33/bin/bin/../../lib/gcc/pic32mx/4.5.2/../../../../pic32mx/lib\libpic32.a(vector17.o)
                0x9d006420                __vector_dispatch_17
                0x00000001                ASSERT (((_vector_spacing == 0x0) || (SIZEOF (.vector_17) <= (_vector_spacing << 0x5))), function at exception vector 17 too large)

.vector_18      0x9d006440        0x8
 *(.vector_18)
 .vector_18     0x9d006440        0x8 c:/program files/microchip/xc32/v1.33/bin/bin/../../lib/gcc/pic32mx/4.5.2/../../../../pic32mx/lib\libpic32.a(vector18.o)
                0x9d006440                __vector_dispatch_18
                0x00000001                ASSERT (((_vector_spacing == 0x0) || (SIZEOF (.vector_18) <= (_vector_spacing << 0x5))), function at exception vector 18 too large)

.vector_19      0x9d006460        0x8
 *(.vector_19)
 .vector_19     0x9d006460        0x8 c:/program files/microchip/xc32/v1.33/bin/bin/../../lib/gcc/pic32mx/4.5.2/../../../../pic32mx/lib\libpic32.a(vector19.o)
                0x9d006460                __vector_dispatch_19
                0x00000001                ASSERT (((_vector_spacing == 0x0) || (SIZEOF (.vector_19) <= (_vector_spacing << 0x5))), function at exception vector 19 too large)

.vector_20      0x9d006480        0x8
 *(.vector_20)
 .vector_20     0x9d006480        0x8 objects\TimerFunctions.o
                0x9d006480                __vector_dispatch_20
                0x00000001                ASSERT (((_vector_spacing == 0x0) || (SIZEOF (.vector_20) <= (_vector_spacing << 0x5))), function at exception vector 20 too large)

.vector_21      0x9d0064a0        0x8
 *(.vector_21)
 .vector_21     0x9d0064a0        0x8 c:/program files/microchip/xc32/v1.33/bin/bin/../../lib/gcc/pic32mx/4.5.2/../../../../pic32mx/lib\libpic32.a(vector21.o)
                0x9d0064a0                __vector_dispatch_21
                0x00000001                ASSERT (((_vector_spacing == 0x0) || (SIZEOF (.vector_21) <= (_vector_spacing << 0x5))), function at exception vector 21 too large)

.vector_22      0x9d0064c0        0x8
 *(.vector_22)
 .vector_22     0x9d0064c0        0x8 c:/program files/microchip/xc32/v1.33/bin/bin/../../lib/gcc/pic32mx/4.5.2/../../../../pic32mx/lib\libpic32.a(vector22.o)
                0x9d0064c0                __vector_dispatch_22
                0x00000001                ASSERT (((_vector_spacing == 0x0) || (SIZEOF (.vector_22) <= (_vector_spacing << 0x5))), function at exception vector 22 too large)

.vector_23      0x9d0064e0        0x8
 *(.vector_23)
 .vector_23     0x9d0064e0        0x8 c:/program files/microchip/xc32/v1.33/bin/bin/../../lib/gcc/pic32mx/4.5.2/../../../../pic32mx/lib\libpic32.a(vector23.o)
                0x9d0064e0                __vector_dispatch_23
                0x00000001                ASSERT (((_vector_spacing == 0x0) || (SIZEOF (.vector_23) <= (_vector_spacing << 0x5))), function at exception vector 23 too large)

.vector_24      0x9d006500        0x8
 *(.vector_24)
 .vector_24     0x9d006500        0x8 objects\F_COM1_A.o
                0x9d006500                __vector_dispatch_24
                0x00000001                ASSERT (((_vector_spacing == 0x0) || (SIZEOF (.vector_24) <= (_vector_spacing << 0x5))), function at exception vector 24 too large)

.vector_25      0x9d006520        0x8
 *(.vector_25)
 .vector_25     0x9d006520        0x8 c:/program files/microchip/xc32/v1.33/bin/bin/../../lib/gcc/pic32mx/4.5.2/../../../../pic32mx/lib\libpic32.a(vector25.o)
                0x9d006520                __vector_dispatch_25
                0x00000001                ASSERT (((_vector_spacing == 0x0) || (SIZEOF (.vector_25) <= (_vector_spacing << 0x5))), function at exception vector 25 too large)

.vector_26      0x9d006540        0x8
 *(.vector_26)
 .vector_26     0x9d006540        0x8 c:/program files/microchip/xc32/v1.33/bin/bin/../../lib/gcc/pic32mx/4.5.2/../../../../pic32mx/lib\libpic32.a(vector26.o)
                0x9d006540                __vector_dispatch_26
                0x00000001                ASSERT (((_vector_spacing == 0x0) || (SIZEOF (.vector_26) <= (_vector_spacing << 0x5))), function at exception vector 26 too large)

.vector_27      0x9d006560        0x8
 *(.vector_27)
 .vector_27     0x9d006560        0x8 c:/program files/microchip/xc32/v1.33/bin/bin/../../lib/gcc/pic32mx/4.5.2/../../../../pic32mx/lib\libpic32.a(vector27.o)
                0x9d006560                __vector_dispatch_27
                0x00000001                ASSERT (((_vector_spacing == 0x0) || (SIZEOF (.vector_27) <= (_vector_spacing << 0x5))), function at exception vector 27 too large)

.vector_28      0x9d006580        0x8
 *(.vector_28)
 .vector_28     0x9d006580        0x8 c:/program files/microchip/xc32/v1.33/bin/bin/../../lib/gcc/pic32mx/4.5.2/../../../../pic32mx/lib\libpic32.a(vector28.o)
                0x9d006580                __vector_dispatch_28
                0x00000001                ASSERT (((_vector_spacing == 0x0) || (SIZEOF (.vector_28) <= (_vector_spacing << 0x5))), function at exception vector 28 too large)

.vector_29      0x9d0065a0        0x8
 *(.vector_29)
 .vector_29     0x9d0065a0        0x8 c:/program files/microchip/xc32/v1.33/bin/bin/../../lib/gcc/pic32mx/4.5.2/../../../../pic32mx/lib\libpic32.a(vector29.o)
                0x9d0065a0                __vector_dispatch_29
                0x00000001                ASSERT (((_vector_spacing == 0x0) || (SIZEOF (.vector_29) <= (_vector_spacing << 0x5))), function at exception vector 29 too large)

.vector_30      0x9d0065c0        0x8
 *(.vector_30)
 .vector_30     0x9d0065c0        0x8 c:/program files/microchip/xc32/v1.33/bin/bin/../../lib/gcc/pic32mx/4.5.2/../../../../pic32mx/lib\libpic32.a(vector30.o)
                0x9d0065c0                __vector_dispatch_30
                0x00000001                ASSERT (((_vector_spacing == 0x0) || (SIZEOF (.vector_30) <= (_vector_spacing << 0x5))), function at exception vector 30 too large)

.vector_31      0x9d0065e0        0x8
 *(.vector_31)
 .vector_31     0x9d0065e0        0x8 c:/program files/microchip/xc32/v1.33/bin/bin/../../lib/gcc/pic32mx/4.5.2/../../../../pic32mx/lib\libpic32.a(vector31.o)
                0x9d0065e0                __vector_dispatch_31
                0x00000001                ASSERT (((_vector_spacing == 0x0) || (SIZEOF (.vector_31) <= (_vector_spacing << 0x5))), function at exception vector 31 too large)

.vector_32      0x9d006600        0x8
 *(.vector_32)
 .vector_32     0x9d006600        0x8 c:/program files/microchip/xc32/v1.33/bin/bin/../../lib/gcc/pic32mx/4.5.2/../../../../pic32mx/lib\libpic32.a(vector32.o)
                0x9d006600                __vector_dispatch_32
                0x00000001                ASSERT (((_vector_spacing == 0x0) || (SIZEOF (.vector_32) <= (_vector_spacing << 0x5))), function at exception vector 32 too large)

.vector_33      0x9d006620        0x8
 *(.vector_33)
 .vector_33     0x9d006620        0x8 c:/program files/microchip/xc32/v1.33/bin/bin/../../lib/gcc/pic32mx/4.5.2/../../../../pic32mx/lib\libpic32.a(vector33.o)
                0x9d006620                __vector_dispatch_33
                0x00000001                ASSERT (((_vector_spacing == 0x0) || (SIZEOF (.vector_33) <= (_vector_spacing << 0x5))), function at exception vector 33 too large)

.vector_34      0x9d006640        0x8
 *(.vector_34)
 .vector_34     0x9d006640        0x8 c:/program files/microchip/xc32/v1.33/bin/bin/../../lib/gcc/pic32mx/4.5.2/../../../../pic32mx/lib\libpic32.a(vector34.o)
                0x9d006640                __vector_dispatch_34
                0x00000001                ASSERT (((_vector_spacing == 0x0) || (SIZEOF (.vector_34) <= (_vector_spacing << 0x5))), function at exception vector 34 too large)

.vector_35      0x9d006660        0x8
 *(.vector_35)
 .vector_35     0x9d006660        0x8 c:/program files/microchip/xc32/v1.33/bin/bin/../../lib/gcc/pic32mx/4.5.2/../../../../pic32mx/lib\libpic32.a(vector35.o)
                0x9d006660                __vector_dispatch_35
                0x00000001                ASSERT (((_vector_spacing == 0x0) || (SIZEOF (.vector_35) <= (_vector_spacing << 0x5))), function at exception vector 35 too large)

.vector_36      0x9d006680        0x8
 *(.vector_36)
 .vector_36     0x9d006680        0x8 c:/program files/microchip/xc32/v1.33/bin/bin/../../lib/gcc/pic32mx/4.5.2/../../../../pic32mx/lib\libpic32.a(vector36.o)
                0x9d006680                __vector_dispatch_36
                0x00000001                ASSERT (((_vector_spacing == 0x0) || (SIZEOF (.vector_36) <= (_vector_spacing << 0x5))), function at exception vector 36 too large)

.vector_37      0x9d0066a0        0x8
 *(.vector_37)
 .vector_37     0x9d0066a0        0x8 c:/program files/microchip/xc32/v1.33/bin/bin/../../lib/gcc/pic32mx/4.5.2/../../../../pic32mx/lib\libpic32.a(vector37.o)
                0x9d0066a0                __vector_dispatch_37
                0x00000001                ASSERT (((_vector_spacing == 0x0) || (SIZEOF (.vector_37) <= (_vector_spacing << 0x5))), function at exception vector 37 too large)

.vector_38      0x9d0066c0        0x8
 *(.vector_38)
 .vector_38     0x9d0066c0        0x8 c:/program files/microchip/xc32/v1.33/bin/bin/../../lib/gcc/pic32mx/4.5.2/../../../../pic32mx/lib\libpic32.a(vector38.o)
                0x9d0066c0                __vector_dispatch_38
                0x00000001                ASSERT (((_vector_spacing == 0x0) || (SIZEOF (.vector_38) <= (_vector_spacing << 0x5))), function at exception vector 38 too large)

.vector_39      0x9d0066e0        0x8
 *(.vector_39)
 .vector_39     0x9d0066e0        0x8 c:/program files/microchip/xc32/v1.33/bin/bin/../../lib/gcc/pic32mx/4.5.2/../../../../pic32mx/lib\libpic32.a(vector39.o)
                0x9d0066e0                __vector_dispatch_39
                0x00000001                ASSERT (((_vector_spacing == 0x0) || (SIZEOF (.vector_39) <= (_vector_spacing << 0x5))), function at exception vector 39 too large)

.vector_40      0x9d006700        0x8
 *(.vector_40)
 .vector_40     0x9d006700        0x8 c:/program files/microchip/xc32/v1.33/bin/bin/../../lib/gcc/pic32mx/4.5.2/../../../../pic32mx/lib\libpic32.a(vector40.o)
                0x9d006700                __vector_dispatch_40
                0x00000001                ASSERT (((_vector_spacing == 0x0) || (SIZEOF (.vector_40) <= (_vector_spacing << 0x5))), function at exception vector 40 too large)

.vector_41      0x9d006720        0x8
 *(.vector_41)
 .vector_41     0x9d006720        0x8 c:/program files/microchip/xc32/v1.33/bin/bin/../../lib/gcc/pic32mx/4.5.2/../../../../pic32mx/lib\libpic32.a(vector41.o)
                0x9d006720                __vector_dispatch_41
                0x00000001                ASSERT (((_vector_spacing == 0x0) || (SIZEOF (.vector_41) <= (_vector_spacing << 0x5))), function at exception vector 41 too large)

.vector_42      0x9d006740        0x8
 *(.vector_42)
 .vector_42     0x9d006740        0x8 c:/program files/microchip/xc32/v1.33/bin/bin/../../lib/gcc/pic32mx/4.5.2/../../../../pic32mx/lib\libpic32.a(vector42.o)
                0x9d006740                __vector_dispatch_42
                0x00000001                ASSERT (((_vector_spacing == 0x0) || (SIZEOF (.vector_42) <= (_vector_spacing << 0x5))), function at exception vector 42 too large)

.vector_43      0x9d006760        0x8
 *(.vector_43)
 .vector_43     0x9d006760        0x8 c:/program files/microchip/xc32/v1.33/bin/bin/../../lib/gcc/pic32mx/4.5.2/../../../../pic32mx/lib\libpic32.a(vector43.o)
                0x9d006760                __vector_dispatch_43
                0x00000001                ASSERT (((_vector_spacing == 0x0) || (SIZEOF (.vector_43) <= (_vector_spacing << 0x5))), function at exception vector 43 too large)

.vector_44      0x9d006780        0x8
 *(.vector_44)
 .vector_44     0x9d006780        0x8 c:/program files/microchip/xc32/v1.33/bin/bin/../../lib/gcc/pic32mx/4.5.2/../../../../pic32mx/lib\libpic32.a(vector44.o)
                0x9d006780                __vector_dispatch_44
                0x00000001                ASSERT (((_vector_spacing == 0x0) || (SIZEOF (.vector_44) <= (_vector_spacing << 0x5))), function at exception vector 44 too large)

.vector_45      0x9d0067a0        0x8
 *(.vector_45)
 .vector_45     0x9d0067a0        0x8 c:/program files/microchip/xc32/v1.33/bin/bin/../../lib/gcc/pic32mx/4.5.2/../../../../pic32mx/lib\libpic32.a(vector45.o)
                0x9d0067a0                __vector_dispatch_45
                0x00000001                ASSERT (((_vector_spacing == 0x0) || (SIZEOF (.vector_45) <= (_vector_spacing << 0x5))), function at exception vector 45 too large)

.vector_46      0x9d0067c0        0x8
 *(.vector_46)
 .vector_46     0x9d0067c0        0x8 c:/program files/microchip/xc32/v1.33/bin/bin/../../lib/gcc/pic32mx/4.5.2/../../../../pic32mx/lib\libpic32.a(vector46.o)
                0x9d0067c0                __vector_dispatch_46
                0x00000001                ASSERT (((_vector_spacing == 0x0) || (SIZEOF (.vector_46) <= (_vector_spacing << 0x5))), function at exception vector 46 too large)

.vector_47      0x9d0067e0        0x8
 *(.vector_47)
 .vector_47     0x9d0067e0        0x8 c:/program files/microchip/xc32/v1.33/bin/bin/../../lib/gcc/pic32mx/4.5.2/../../../../pic32mx/lib\libpic32.a(vector47.o)
                0x9d0067e0                __vector_dispatch_47
                0x00000001                ASSERT (((_vector_spacing == 0x0) || (SIZEOF (.vector_47) <= (_vector_spacing << 0x5))), function at exception vector 47 too large)

.vector_48      0x9d006800        0x8
 *(.vector_48)
 .vector_48     0x9d006800        0x8 c:/program files/microchip/xc32/v1.33/bin/bin/../../lib/gcc/pic32mx/4.5.2/../../../../pic32mx/lib\libpic32.a(vector48.o)
                0x9d006800                __vector_dispatch_48
                0x00000001                ASSERT (((_vector_spacing == 0x0) || (SIZEOF (.vector_48) <= (_vector_spacing << 0x5))), function at exception vector 48 too large)

.vector_49      0x9d006820        0x8
 *(.vector_49)
 .vector_49     0x9d006820        0x8 c:/program files/microchip/xc32/v1.33/bin/bin/../../lib/gcc/pic32mx/4.5.2/../../../../pic32mx/lib\libpic32.a(vector49.o)
                0x9d006820                __vector_dispatch_49
                0x00000001                ASSERT (((_vector_spacing == 0x0) || (SIZEOF (.vector_49) <= (_vector_spacing << 0x5))), function at exception vector 49 too large)

.vector_50      0x9d006840        0x8
 *(.vector_50)
 .vector_50     0x9d006840        0x8 c:/program files/microchip/xc32/v1.33/bin/bin/../../lib/gcc/pic32mx/4.5.2/../../../../pic32mx/lib\libpic32.a(vector50.o)
                0x9d006840                __vector_dispatch_50
                0x00000001                ASSERT (((_vector_spacing == 0x0) || (SIZEOF (.vector_50) <= (_vector_spacing << 0x5))), function at exception vector 50 too large)

.vector_51      0x9d006860        0x8
 *(.vector_51)
 .vector_51     0x9d006860        0x8 c:/program files/microchip/xc32/v1.33/bin/bin/../../lib/gcc/pic32mx/4.5.2/../../../../pic32mx/lib\libpic32.a(vector51.o)
                0x9d006860                __vector_dispatch_51
                0x00000001                ASSERT (((_vector_spacing == 0x0) || (SIZEOF (.vector_51) <= (_vector_spacing << 0x5))), function at exception vector 51 too large)

.vector_52      0x9d006880        0x8
 *(.vector_52)
 .vector_52     0x9d006880        0x8 c:/program files/microchip/xc32/v1.33/bin/bin/../../lib/gcc/pic32mx/4.5.2/../../../../pic32mx/lib\libpic32.a(vector52.o)
                0x9d006880                __vector_dispatch_52
                0x00000001                ASSERT (((_vector_spacing == 0x0) || (SIZEOF (.vector_52) <= (_vector_spacing << 0x5))), function at exception vector 52 too large)

.vector_53      0x9d0068a0        0x8
 *(.vector_53)
 .vector_53     0x9d0068a0        0x8 c:/program files/microchip/xc32/v1.33/bin/bin/../../lib/gcc/pic32mx/4.5.2/../../../../pic32mx/lib\libpic32.a(vector53.o)
                0x9d0068a0                __vector_dispatch_53
                0x00000001                ASSERT (((_vector_spacing == 0x0) || (SIZEOF (.vector_53) <= (_vector_spacing << 0x5))), function at exception vector 53 too large)

.vector_54      0x9d0068c0        0x8
 *(.vector_54)
 .vector_54     0x9d0068c0        0x8 c:/program files/microchip/xc32/v1.33/bin/bin/../../lib/gcc/pic32mx/4.5.2/../../../../pic32mx/lib\libpic32.a(vector54.o)
                0x9d0068c0                __vector_dispatch_54
                0x00000001                ASSERT (((_vector_spacing == 0x0) || (SIZEOF (.vector_54) <= (_vector_spacing << 0x5))), function at exception vector 54 too large)

.vector_55      0x9d0068e0        0x8
 *(.vector_55)
 .vector_55     0x9d0068e0        0x8 c:/program files/microchip/xc32/v1.33/bin/bin/../../lib/gcc/pic32mx/4.5.2/../../../../pic32mx/lib\libpic32.a(vector55.o)
                0x9d0068e0                __vector_dispatch_55
                0x00000001                ASSERT (((_vector_spacing == 0x0) || (SIZEOF (.vector_55) <= (_vector_spacing << 0x5))), function at exception vector 55 too large)

.vector_56      0x9d006900        0x8
 *(.vector_56)
 .vector_56     0x9d006900        0x8 c:/program files/microchip/xc32/v1.33/bin/bin/../../lib/gcc/pic32mx/4.5.2/../../../../pic32mx/lib\libpic32.a(vector56.o)
                0x9d006900                __vector_dispatch_56
                0x00000001                ASSERT (((_vector_spacing == 0x0) || (SIZEOF (.vector_56) <= (_vector_spacing << 0x5))), function at exception vector 56 too large)

.vector_57      0x9d006920        0x8
 *(.vector_57)
 .vector_57     0x9d006920        0x8 c:/program files/microchip/xc32/v1.33/bin/bin/../../lib/gcc/pic32mx/4.5.2/../../../../pic32mx/lib\libpic32.a(vector57.o)
                0x9d006920                __vector_dispatch_57
                0x00000001                ASSERT (((_vector_spacing == 0x0) || (SIZEOF (.vector_57) <= (_vector_spacing << 0x5))), function at exception vector 57 too large)

.vector_58      0x9d006940        0x8
 *(.vector_58)
 .vector_58     0x9d006940        0x8 c:/program files/microchip/xc32/v1.33/bin/bin/../../lib/gcc/pic32mx/4.5.2/../../../../pic32mx/lib\libpic32.a(vector58.o)
                0x9d006940                __vector_dispatch_58
                0x00000001                ASSERT (((_vector_spacing == 0x0) || (SIZEOF (.vector_58) <= (_vector_spacing << 0x5))), function at exception vector 58 too large)

.vector_59      0x9d006960        0x8
 *(.vector_59)
 .vector_59     0x9d006960        0x8 c:/program files/microchip/xc32/v1.33/bin/bin/../../lib/gcc/pic32mx/4.5.2/../../../../pic32mx/lib\libpic32.a(vector59.o)
                0x9d006960                __vector_dispatch_59
                0x00000001                ASSERT (((_vector_spacing == 0x0) || (SIZEOF (.vector_59) <= (_vector_spacing << 0x5))), function at exception vector 59 too large)

.vector_60      0x9d006980        0x8
 *(.vector_60)
 .vector_60     0x9d006980        0x8 c:/program files/microchip/xc32/v1.33/bin/bin/../../lib/gcc/pic32mx/4.5.2/../../../../pic32mx/lib\libpic32.a(vector60.o)
                0x9d006980                __vector_dispatch_60
                0x00000001                ASSERT (((_vector_spacing == 0x0) || (SIZEOF (.vector_60) <= (_vector_spacing << 0x5))), function at exception vector 60 too large)

.vector_61      0x9d0069a0        0x8
 *(.vector_61)
 .vector_61     0x9d0069a0        0x8 c:/program files/microchip/xc32/v1.33/bin/bin/../../lib/gcc/pic32mx/4.5.2/../../../../pic32mx/lib\libpic32.a(vector61.o)
                0x9d0069a0                __vector_dispatch_61
                0x00000001                ASSERT (((_vector_spacing == 0x0) || (SIZEOF (.vector_61) <= (_vector_spacing << 0x5))), function at exception vector 61 too large)

.vector_62      0x9d0069c0        0x8
 *(.vector_62)
 .vector_62     0x9d0069c0        0x8 c:/program files/microchip/xc32/v1.33/bin/bin/../../lib/gcc/pic32mx/4.5.2/../../../../pic32mx/lib\libpic32.a(vector62.o)
                0x9d0069c0                __vector_dispatch_62
                0x00000001                ASSERT (((_vector_spacing == 0x0) || (SIZEOF (.vector_62) <= (_vector_spacing << 0x5))), function at exception vector 62 too large)

.vector_63      0x9d0069e0        0x8
 *(.vector_63)
 .vector_63     0x9d0069e0        0x8 c:/program files/microchip/xc32/v1.33/bin/bin/../../lib/gcc/pic32mx/4.5.2/../../../../pic32mx/lib\libpic32.a(vector63.o)
                0x9d0069e0                __vector_dispatch_63
                0x00000001                ASSERT (((_vector_spacing == 0x0) || (SIZEOF (.vector_63) <= (_vector_spacing << 0x5))), function at exception vector 63 too large)

.startup
 *(.startup)

.text           0x9d007490        0x0
 *(.stub .gnu.linkonce.t.*)
 *(.text.*personality*)
 *(.mips16.fn.*)
 *(.mips16.call.*)
 *(.gnu.warning)
                0x9d007490                . = ALIGN (0x4)

.init           0x9d007490        0x0
 *crti.o(.init)
 *crtbegin.o(.init)
 *(EXCLUDE_FILE(*crtn.o *crtend?.o *crtend.o) .init)
 *crtend.o(.init)
 *crtn.o(.init)
                0x9d007490                . = ALIGN (0x4)

.fini           0x9d007490        0x0
 *(.fini)
                0x9d007490                . = ALIGN (0x4)

.preinit_array  0x9d007490        0x0
                0x9d007490                PROVIDE (__preinit_array_start, .)
 *(.preinit_array)
                0x9d007490                PROVIDE (__preinit_array_end, .)
                0x9d007490                . = ALIGN (0x4)

.init_array     0x9d007490        0x0
                0x9d007490                PROVIDE (__init_array_start, .)
 *(SORT(.init_array.*))
 *(.init_array)
                0x9d007490                PROVIDE (__init_array_end, .)
                0x9d007490                . = ALIGN (0x4)

.fini_array     0x9d007490        0x0
                0x9d007490                PROVIDE (__fini_array_start, .)
 *(SORT(.fini_array.*))
 *(.fini_array)
                0x9d007490                PROVIDE (__fini_array_end, .)
                0x9d007490                . = ALIGN (0x4)

.ctors          0x9d007490        0x0
 *crtbegin.o(.ctors)
 *crtbegin?.o(.ctors)
 *(EXCLUDE_FILE(*crtend?.o *crtend.o) .ctors)
 *(SORT(.ctors.*))
 *(.ctors)
                0x9d007490                . = ALIGN (0x4)

.dtors          0x9d007490        0x0
 *crtbegin.o(.dtors)
 *crtbegin?.o(.dtors)
 *(EXCLUDE_FILE(*crtend?.o *crtend.o) .dtors)
 *(SORT(.dtors.*))
 *(.dtors)
                0x9d007490                . = ALIGN (0x4)

.rodata         0x9d007490        0x0
 *(.gnu.linkonce.r.*)
 *(.rodata1)
                0x9d007490                . = ALIGN (0x4)

.sdata2         0x9d006000        0x0
 *(.sdata2 .sdata2.* .gnu.linkonce.s2.*)
                0x9d006000                . = ALIGN (0x4)

.sbss2          0x9d006000        0x0
 *(.sbss2 .sbss2.* .gnu.linkonce.sb2.*)
                0x9d006000                . = ALIGN (0x4)

.eh_frame_hdr
 *(.eh_frame_hdr)
                0x9d006000                . = ALIGN (0x4)

.eh_frame
 *(.eh_frame)
                0x9d006000                . = ALIGN (0x4)

.gcc_except_table
 *(.gcc_except_table .gcc_except_table.*)
                0x9d006000                . = ALIGN (0x4)

.dbg_data       0xa0000000        0x0
                0xa0000000                . = (. + DEFINED (_DEBUGGER)?0x200:0x0)

.jcr            0xa0000000        0x0
 *(.jcr)
                0xa0000000                . = ALIGN (0x4)

.eh_frame
 *(.eh_frame)
                0xa0000000                . = ALIGN (0x4)

.gcc_except_table
 *(.gcc_except_table .gcc_except_table.*)
                0xa0000000                . = ALIGN (0x4)

.persist        0xa0000000        0x0
                0xa0000000                _persist_begin = .
 *(.persist .persist.*)
 *(.pbss .pbss.*)
                0xa0000000                . = ALIGN (0x4)
                0xa0000000                _persist_end = .

.data           0xa0000000        0x0
 *(.gnu.linkonce.d.*)
 *(.data1)
                0xa0000000                . = ALIGN (0x4)
                0xa0000000                . = .
                0xa0007ff0                _gp = (ALIGN (0x10) + 0x7ff0)

.got            0xa0000000        0x0
 *(.got.plt)
 *(.got)
                0xa0000000                . = ALIGN (0x4)

.sdata          0xa0000000       0x50
                0xa0000000                _sdata_begin = .
 *(.sdata .sdata.* .gnu.linkonce.s.*)
 .sdata         0xa0000000        0x2 objects\TimerFunctions.o
                0xa0000000                Tempo_LED
 *fill*         0xa0000002        0x2 
 .sdata         0xa0000004       0x40 objects\global_var.o
                0xa0000004                RETROILLUMINAZIONE_ON
                0xa0000006                IMP_RAMPA
                0xa0000008                VEL_MOTORE
                0xa000000a                Tempo_ALLARME_ENCODER
                0xa000000c                PWM_contrasto
                0xa0000010                NL
                0xa0000014                Tempo_OFF_RETRO
                0xa0000015                Giorno
                0xa0000016                Giorno_S
                0xa0000017                Mese
                0xa0000018                Anno
                0xa0000019                Ore
                0xa000001a                Minuti
                0xa000001b                Secondi
                0xa000001c                VEL_MAX_2_Y2
                0xa000001e                Tempo_Ritardo
                0xa0000020                PASSWORD_ATTIVA
                0xa0000021                PRIMO_START
                0xa0000022                AGGIORNA_MODO_Y2
                0xa0000023                KP_P
                0xa0000024                KD_P
                0xa0000025                KP_W
                0xa0000026                KI_W
                0xa0000027                KP_I
                0xa0000028                KI_I
                0xa0000029                I_NOM
                0xa000002a                TOLL
                0xa000002c                Quota_BERO
                0xa000002e                CICLO_TEST
                0xa000002f                FARE_RESET_CICLO
                0xa0000030                N_P
                0xa0000031                N_PU
                0xa0000032                PU_MIN
                0xa0000033                PU_MAX
                0xa0000034                Parametri_W
                0xa000003c                Vel_Z
                0xa000003e                Acc_Z
                0xa0000040                Vel_Pinze
                0xa0000042                Acc_Pinze
 .sdata         0xa0000044        0xc objects\FSIO.o
                0xa0000044                gLastFATSectorRead
                0xa0000048                gLastDataSectorRead
                0xa000004c                cwdptr
                0xa0000050                . = ALIGN (0x4)
                0xa0000050                _sdata_end = .

.lit8
 *(.lit8)

.lit4
 *(.lit4)
                0xa0000050                . = ALIGN (0x4)
                0xa0000050                _data_end = .
                0xa0000050                _bss_begin = .

.sbss           0xa0000050      0x14c
                0xa0000050                _sbss_begin = .
 *(.dynsbss)
 *(.sbss .sbss.* .gnu.linkonce.sb.*)
 .sbss          0xa0000050        0x2 objects\TimerFunctions.o
                0xa0000050                Tempo_Beep
 *fill*         0xa0000052        0x2 
 .sbss          0xa0000054       0x30 objects\global_var.o
                0xa0000054                Aggiorna_Stato_EV
                0xa0000055                TEST_FABIO
                0xa0000056                CONTA_IMP
                0xa0000058                DELTA_IMP
                0xa000005a                Comando_CR11
                0xa000005b                ATTIVO
                0xa000005c                DA_SALVARE
                0xa000005d                Errore_EEPROM
                0xa000005e                Aggiorna_Display
                0xa0000060                LL
                0xa0000064                TICK_OROLOGIO
                0xa0000065                TAST_ABC
                0xa0000066                SettimanaAttuale
                0xa0000068                I2C_BUS_BUSY
                0xa0000069                PASSO_PASSO
                0xa000006a                CP_wait
                0xa000006b                SALVARE_DATI
                0xa000006c                num_Tabella
                0xa000006e                debug_p1
                0xa000006f                debug_p2
                0xa0000070                Troppo_Pieno
                0xa0000071                CNT_Int
                0xa0000074                Parametri_R
                0xa000007c                M_Stato
                0xa0000080                msecCounter
 .sbss          0xa0000084        0xc objects\SD-SPI.o
 .sbss          0xa0000090        0xc objects\FSIO.o
                0xa0000090                gNeedFATWrite
                0xa0000094                gBufferOwner
                0xa0000098                gNeedDataWrite
                0xa0000099                nextClusterIsLast
                0xa000009a                gBufferZeroed
                0xa000009b                recache
 .sbss          0xa000009c        0x6 objects\F_COM1_A.o
 *(.scommon)
 .scommon       0xa00000a2        0x2 objects\main.o
                0xa00000a2                xx
 .scommon       0xa00000a4        0x1 objects\TimerFunctions.o
                0xa00000a4                dato
 *fill*         0xa00000a5        0x3 
 .scommon       0xa00000a8       0xd0 objects\global_var.o
                0xa00000a8                Ing_SIO8_FRH
                0xa00000a9                Stato_DATARIO
                0xa00000ac                R_DAC
                0xa00000b2                byte2
                0xa00000b4                KK_NASTRO
                0xa00000b6                Anticipo_1
                0xa00000b8                byte3
                0xa00000ba                Ing
                0xa00000bc                VelZeroY2
                0xa00000bd                byte1
                0xa00000be                Ing_FRL
                0xa00000c0                Attesa
                0xa00000c4                X1_Deposito
                0xa00000c8                Ing_SIO8_old
                0xa00000c9                stato_soffiante
                0xa00000ca                Key_Cod
                0xa00000cc                Ing_FRH
                0xa00000ce                Ing_SIO8
                0xa00000d0                Allarmi_Old
                0xa00000d4                TickCounter
                0xa00000d8                Quota_Z_Deposito
                0xa00000dc                Tempo_Attesa
                0xa00000de                Produzione
                0xa00000e0                Dist_Prelievo
                0xa00000e4                rete
                0xa00000e8                CL
                0xa00000ec                Quota_Z_Prelievo
                0xa00000f0                Anticipo_2
                0xa00000f2                Periodo_D2
                0xa00000f4                Dist_Traversini
                0xa00000f8                Ing_SIO8_FRL
                0xa00000f9                Periodo_P2
                0xa00000fa                Periodo_P1
                0xa00000fb                letto
                0xa00000fc                Tempo_Sirena
                0xa0000100                Parametro
                0xa0000104                Stato_MEDIA
                0xa0000108                ContaPixel
                0xa000010c                Dist_Deposito
                0xa0000110                TICK_LAMPEGGIO
                0xa0000112                Analog_2
                0xa0000114                Errore_Setup
                0xa0000118                tt
                0xa000011c                Fine_Ultima_Zona
                0xa000011e                New_Key
                0xa0000120                Offset_Macchina
                0xa0000122                TimeOut
                0xa0000124                test_color
                0xa0000128                MisuraTempo
                0xa000012c                HardwareError
                0xa000012e                Registro_00
                0xa000012f                TAST_ATTIVA
                0xa0000130                OffsetContenitore
                0xa0000134                LSP
                0xa0000138                Tempo_Cursore
                0xa000013c                Quota_Z_Svincolo
                0xa0000140                Key_Stato
                0xa0000141                DepositiPerRiga
                0xa0000144                Allarmi_Attivi
                0xa0000148                PrelieviPerRiga
                0xa000014c                Uscite
                0xa000014e                PRIMA_CASSA_DOPO_RESET
                0xa0000150                NTC_val
                0xa0000154                X1_Prelievo
                0xa0000158                Periodo_D1
                0xa0000159                Tempo_Buzz
                0xa000015a                N_Righe_Dep
                0xa000015c                Analog_1
                0xa0000160                Cicli_Ora
                0xa0000164                Tempo_RESET_Display
                0xa0000168                Tempo_Prescarico
                0xa000016c                STATO_EV_SX
                0xa000016e                Ing_old
                0xa0000170                All_SIO8
                0xa0000171                STATO_EV_DX
                0xa0000172                Vel_NASTRO
                0xa0000174                PassoX_Prelievo
                0xa0000176                Inizio_Prima_Zona
 .scommon       0xa0000178        0x7 objects\SD-SPI.o
                0xa0000178                MDD_SDSPI_finalLBA
                0xa000017c                gMediaSectorSize
                0xa000017e                gSDMode
 *fill*         0xa000017f        0x1 
 .scommon       0xa0000180       0x1c objects\FSIO.o
                0xa0000180                gFileSlotOpen
                0xa0000183                gTimeCrtMS
                0xa0000184                gTimeCrtTime
                0xa0000188                FatRootDirClusterValue
                0xa000018c                gTimeWrtDate
                0xa000018e                gTimeCrtDate
                0xa0000190                TempClusterCalc
                0xa0000194                dirCleared
                0xa0000196                gTimeAccDate
                0xa0000198                FSerrno
                0xa000019a                gTimeWrtTime
                0xa000019c                _sbss_end = .
                0xa000019c                . = ALIGN (0x4)

.bss            0xa000019c     0x36f8
 *(.dynbss)
 *(COMMON)
 COMMON         0xa000019c     0x314c objects\global_var.o
                0xa000019c                TempiM
                0xa00001dc                TIMER
                0xa00001fc                Motore
                0xa0000220                C1
                0xa0000238                pre_y
                0xa0000338                zoneTT
                0xa00003e8                CR
                0xa0000414                dep_y
                0xa0000454                dep_y1
                0xa0000494                vettore_dx
                0xa0000614                zoneTx
                0xa00006c4                C3
                0xa00006e4                Quote_Riposo
                0xa0000704                FTC_3
                0xa0000710                NUOVA_RIGA_PRE
                0xa0000730                storico_com
                0xa00007f0                zone
                0xa00008a0                MANUALE_QUOTE
                0xa00008c0                quote
                0xa0000940                com3
                0xa0000990                N_mess
                0xa0000a10                Carrello
                0xa0000a30                zoneT
                0xa0000ae0                Touch
                0xa0000b04                vettore1
                0xa0000c84                vettore
                0xa0000e04                NUOVA_RIGA_DEP
                0xa0000e24                cicli_RIGA
                0xa0000e44                IMPILA
                0xa0000e54                mat_d
                0xa0001354                mat_p
                0xa0001854                Allarmi
                0xa0001874                sch_D
                0xa0001900                PARK_QUOTE
                0xa0001920                Quote_DDx
                0xa00019a0                m_dep
                0xa00021e0                mat_pp
                0xa0002460                N_err_ko
                0xa00024e0                TIMER_1
                0xa0002540                com1
                0xa0002590                Media_Prod
                0xa00025a0                FTC_2
                0xa00025ac                Parametro_CR11
                0xa00025bc                Quote_PPx
                0xa000263c                CB
                0xa0002668                FTC_1
                0xa0002674                Prog
                0xa0002694                Buffer_C1fase
                0xa00026d4                report
                0xa0002710                m_dep1
                0xa0002f50                PP
                0xa0002f6c                C4
                0xa0002f90                NumeroPassateZone
                0xa0002fa8                SequenzaQuote
                0xa0002fc8                N_rip
                0xa0003048                Quote_Prelievo
                0xa00030c8                Quote_Deposito
                0xa0003148                Imp
                0xa000318c                MailBox
                0xa000328c                STATO_PINZE
                0xa00032d0                Text
 COMMON         0xa00032e8      0x5aa objects\FSIO.o
                0xa00032e8                gDataBuffer
                0xa00034e8                cwd
                0xa0003524                defaultString
                0xa0003534                tempCWDobj
                0xa0003570                gFATBuffer
                0xa0003770                gFileArray
                0xa0003824                gDiskData
                0xa000384c                gFileTemp
                0xa0003888                defaultArray
                0xa0003894                . = ALIGN ((. != 0x0)?0x4:0x1)
 *fill*         0xa0003892        0x2 
                0xa0003894                . = ALIGN (0x4)
                0xa0003894                _end = .
                0xa0003894                _bss_end = .
                0x00010000                _bmxdudba_address = 0x10000
                0x00010000                _bmxdupba_address = 0x10000

/DISCARD/
 *(.pdr)
 *(.rel.dyn)
 *(.note.GNU-stack)
 *(.note.GNU-stack)
 *(.gnu_debuglink)
 *(.gnu.lto_*)
 *(.discard)

.gptab.sdata
 *(.gptab.data)
 *(.gptab.sdata)

.gptab.sbss
 *(.gptab.bss)
 *(.gptab.sbss)

.mdebug.abi32   0xa0003894        0x0
 *(.mdebug.abi32)
 .mdebug.abi32  0xa0003894        0x0 objects\main.o
 .mdebug.abi32  0xa0003894        0x0 objects\TimerFunctions.o
 .mdebug.abi32  0xa0003894        0x0 objects\global_var.o
 .mdebug.abi32  0xa0003894        0x0 objects\EEPROM.o
 .mdebug.abi32  0xa0003894        0x0 objects\SD-SPI.o
 .mdebug.abi32  0xa0003894        0x0 objects\FSIO.o
 .mdebug.abi32  0xa0003894        0x0 objects\pwm.o
 .mdebug.abi32  0xa0003894        0x0 objects\F_COM1_A.o
 .mdebug.abi32  0xa0003894        0x0 D:\SCUOLA\PIC32_START\source\libmchp_peripheral_32MX575F512L.a(pcache.o)
 .mdebug.abi32  0xa0003894        0x0 D:\SCUOLA\PIC32_START\source\libmchp_peripheral_32MX575F512L.a(int_disable_interrupts_lib.o)
 .mdebug.abi32  0xa0003894        0x0 D:\SCUOLA\PIC32_START\source\libmchp_peripheral_32MX575F512L.a(int_restore_interrupts_lib.o)
 .mdebug.abi32  0xa0003894        0x0 D:\SCUOLA\PIC32_START\source\libmchp_peripheral_32MX575F512L.a(int_enable_mv_int_lib.o)
 .mdebug.abi32  0xa0003894        0x0 D:\SCUOLA\PIC32_START\source\libmchp_peripheral_32MX575F512L.a(spi_getc_spi2_lib_legacy.o)
 .mdebug.abi32  0xa0003894        0x0 D:\SCUOLA\PIC32_START\source\libmchp_peripheral_32MX575F512L.a(spi_open_spi2_lib_legacy.o)
 .mdebug.abi32  0xa0003894        0x0 D:\SCUOLA\PIC32_START\source\libmchp_peripheral_32MX575F512L.a(spi_brg_tbl_lib_legacy.o)
 .mdebug.abi32  0xa0003894        0x0 D:\SCUOLA\PIC32_START\source\libmchp_peripheral_32MX575F512L.a(int_enable_interrupts_lib.o)
 .mdebug.abi32  0xa0003894        0x0 c:/program files/microchip/xc32/v1.33/bin/bin/../../lib/gcc/pic32mx/4.5.2/../../../../pic32mx/lib\libpic32.a(default-bootstrap-exception-handler.o)
 .mdebug.abi32  0xa0003894        0x0 c:/program files/microchip/xc32/v1.33/bin/bin/../../lib/gcc/pic32mx/4.5.2/../../../../pic32mx/lib\libpic32.a(default-on-reset.o)
 .mdebug.abi32  0xa0003894        0x0 c:/program files/microchip/xc32/v1.33/bin/bin/../../lib/gcc/pic32mx/4.5.2/../../../../pic32mx/lib\libpic32.a(default-on-bootstrap.o)
 .mdebug.abi32  0xa0003894        0x0 c:/program files/microchip/xc32/v1.33/bin/bin/../../lib/gcc/pic32mx/4.5.2/../../../../pic32mx/lib\libpic32.a(default-general-exception-handler.o)
 .mdebug.abi32  0xa0003894        0x0 c:/program files/microchip/xc32/v1.33/bin/bin/../../lib/gcc/pic32mx/4.5.2/../../../../pic32mx/lib\libpic32.a(defaultinterrupt.o)
 .mdebug.abi32  0xa0003894        0x0 c:/program files/microchip/xc32/v1.33/bin/bin/../../lib/gcc/pic32mx/4.5.2/../../../../pic32mx/lib\libc.a(ctypef.o)
 .mdebug.abi32  0xa0003894        0x0 c:/program files/microchip/xc32/v1.33/bin/bin/../../lib/gcc/pic32mx/4.5.2/../../../../pic32mx/lib\libc.a(strchr.o)
 .mdebug.abi32  0xa0003894        0x0 c:/program files/microchip/xc32/v1.33/bin/bin/../../lib/gcc/pic32mx/4.5.2/../../../../pic32mx/lib\libc.a(strncpy.o)
 .mdebug.abi32  0xa0003894        0x0 c:/program files/microchip/xc32/v1.33/bin/bin/../../lib/gcc/pic32mx/4.5.2/../../../../pic32mx/lib\libc.a(ctype.o)

.mdebug.abiN32
 *(.mdebug.abiN32)

.mdebug.abi64
 *(.mdebug.abi64)

.mdebug.abiO64
 *(.mdebug.abiO64)

.mdebug.eabi32
 *(.mdebug.eabi32)

.mdebug.eabi64
 *(.mdebug.eabi64)

.gcc_compiled_long32
 *(.gcc_compiled_long32)

.gcc_compiled_long64
 *(.gcc_compiled_long64)

.stab
 *(.stab)

.stabstr
 *(.stabstr)

.stab.excl
 *(.stab.excl)

.stab.exclstr
 *(.stab.exclstr)

.stab.index
 *(.stab.index)

.stab.indexstr
 *(.stab.indexstr)

.comment        0x00000000      0x174
 *(.comment)
 .comment       0x00000000       0x3c objects\main.o
                                 0x3d (size before relaxing)
 .comment       0x00000000       0x3d objects\TimerFunctions.o
 .comment       0x00000000       0x3d objects\global_var.o
 .comment       0x00000000       0x3d objects\EEPROM.o
 .comment       0x00000000       0x3d objects\SD-SPI.o
 .comment       0x00000000       0x3d objects\FSIO.o
 .comment       0x00000000       0x3d objects\pwm.o
 .comment       0x00000000       0x3d objects\F_COM1_A.o
 .comment       0x0000003c       0x51 D:\SCUOLA\PIC32_START\source\libmchp_peripheral_32MX575F512L.a(pcache.o)
                                 0x52 (size before relaxing)
 .comment       0x00000000       0x52 D:\SCUOLA\PIC32_START\source\libmchp_peripheral_32MX575F512L.a(int_disable_interrupts_lib.o)
 .comment       0x00000000       0x52 D:\SCUOLA\PIC32_START\source\libmchp_peripheral_32MX575F512L.a(int_restore_interrupts_lib.o)
 .comment       0x00000000       0x52 D:\SCUOLA\PIC32_START\source\libmchp_peripheral_32MX575F512L.a(int_enable_mv_int_lib.o)
 .comment       0x00000000       0x52 D:\SCUOLA\PIC32_START\source\libmchp_peripheral_32MX575F512L.a(spi_getc_spi2_lib_legacy.o)
 .comment       0x00000000       0x52 D:\SCUOLA\PIC32_START\source\libmchp_peripheral_32MX575F512L.a(spi_open_spi2_lib_legacy.o)
 .comment       0x00000000       0x52 D:\SCUOLA\PIC32_START\source\libmchp_peripheral_32MX575F512L.a(spi_brg_tbl_lib_legacy.o)
 .comment       0x00000000       0x52 D:\SCUOLA\PIC32_START\source\libmchp_peripheral_32MX575F512L.a(int_enable_interrupts_lib.o)
 .comment       0x0000008d       0x18 c:/program files/microchip/xc32/v1.33/bin/bin/../../lib/gcc/pic32mx/4.5.2/../../../../pic32mx/lib\libpic32.a(memset.o)
                                 0x19 (size before relaxing)
 .comment       0x000000a5       0x19 c:/program files/microchip/xc32/v1.33/bin/bin/../../lib/gcc/pic32mx/4.5.2/../../../../pic32mx/lib\libpic32.a(strcpy.o)
                                 0x1a (size before relaxing)
 .comment       0x000000be       0x19 c:/program files/microchip/xc32/v1.33/bin/bin/../../lib/gcc/pic32mx/4.5.2/../../../../pic32mx/lib\libpic32.a(strlen.o)
                                 0x1a (size before relaxing)
 .comment       0x00000000       0x3d c:/program files/microchip/xc32/v1.33/bin/bin/../../lib/gcc/pic32mx/4.5.2/../../../../pic32mx/lib\libpic32.a(default-bootstrap-exception-handler.o)
 .comment       0x00000000       0x3d c:/program files/microchip/xc32/v1.33/bin/bin/../../lib/gcc/pic32mx/4.5.2/../../../../pic32mx/lib\libpic32.a(default-on-reset.o)
 .comment       0x00000000       0x3d c:/program files/microchip/xc32/v1.33/bin/bin/../../lib/gcc/pic32mx/4.5.2/../../../../pic32mx/lib\libpic32.a(default-on-bootstrap.o)
 .comment       0x00000000       0x3d c:/program files/microchip/xc32/v1.33/bin/bin/../../lib/gcc/pic32mx/4.5.2/../../../../pic32mx/lib\libpic32.a(default-general-exception-handler.o)
 .comment       0x00000000       0x3d c:/program files/microchip/xc32/v1.33/bin/bin/../../lib/gcc/pic32mx/4.5.2/../../../../pic32mx/lib\libpic32.a(defaultinterrupt.o)
 .comment       0x000000d7       0x4f c:/program files/microchip/xc32/v1.33/bin/bin/../../lib/gcc/pic32mx/4.5.2/../../../../pic32mx/lib\libc.a(ctypef.o)
                                 0x8c (size before relaxing)
 .comment       0x00000000       0x3d c:/program files/microchip/xc32/v1.33/bin/bin/../../lib/gcc/pic32mx/4.5.2/../../../../pic32mx/lib\libc.a(strchr.o)
 .comment       0x00000000       0x3d c:/program files/microchip/xc32/v1.33/bin/bin/../../lib/gcc/pic32mx/4.5.2/../../../../pic32mx/lib\libc.a(strncpy.o)
 .comment       0x00000126       0x4e c:/program files/microchip/xc32/v1.33/bin/bin/../../lib/gcc/pic32mx/4.5.2/../../../../pic32mx/lib\libc.a(ctype.o)
                                 0x8b (size before relaxing)

.debug
 *(.debug)

.line
 *(.line)

.debug_srcinfo
 *(.debug_srcinfo)

.debug_sfnames
 *(.debug_sfnames)

.debug_aranges  0x00000000      0x348
 *(.debug_aranges)
 .debug_aranges
                0x00000000       0x20 objects\main.o
 .debug_aranges
                0x00000020       0x20 objects\TimerFunctions.o
 .debug_aranges
                0x00000040       0x20 objects\EEPROM.o
 .debug_aranges
                0x00000060       0x20 objects\SD-SPI.o
 .debug_aranges
                0x00000080       0x20 objects\FSIO.o
 .debug_aranges
                0x000000a0       0x20 objects\pwm.o
 .debug_aranges
                0x000000c0       0x20 objects\F_COM1_A.o
 .debug_aranges
                0x000000e0       0x28 D:\SCUOLA\PIC32_START\source\libmchp_peripheral_32MX575F512L.a(pcache.o)
 .debug_aranges
                0x00000108       0x20 D:\SCUOLA\PIC32_START\source\libmchp_peripheral_32MX575F512L.a(int_disable_interrupts_lib.o)
 .debug_aranges
                0x00000128       0x20 D:\SCUOLA\PIC32_START\source\libmchp_peripheral_32MX575F512L.a(int_restore_interrupts_lib.o)
 .debug_aranges
                0x00000148       0x20 D:\SCUOLA\PIC32_START\source\libmchp_peripheral_32MX575F512L.a(int_enable_mv_int_lib.o)
 .debug_aranges
                0x00000168       0x20 D:\SCUOLA\PIC32_START\source\libmchp_peripheral_32MX575F512L.a(spi_getc_spi2_lib_legacy.o)
 .debug_aranges
                0x00000188       0x20 D:\SCUOLA\PIC32_START\source\libmchp_peripheral_32MX575F512L.a(spi_open_spi2_lib_legacy.o)
 .debug_aranges
                0x000001a8       0x20 D:\SCUOLA\PIC32_START\source\libmchp_peripheral_32MX575F512L.a(int_enable_interrupts_lib.o)
 .debug_aranges
                0x000001c8       0x20 c:/program files/microchip/xc32/v1.33/bin/bin/../../lib/gcc/pic32mx/4.5.2/../../../../pic32mx/lib\libpic32.a(default-bootstrap-exception-handler.o)
 .debug_aranges
                0x000001e8       0x20 c:/program files/microchip/xc32/v1.33/bin/bin/../../lib/gcc/pic32mx/4.5.2/../../../../pic32mx/lib\libpic32.a(default-on-reset.o)
 .debug_aranges
                0x00000208       0x20 c:/program files/microchip/xc32/v1.33/bin/bin/../../lib/gcc/pic32mx/4.5.2/../../../../pic32mx/lib\libpic32.a(default-on-bootstrap.o)
 .debug_aranges
                0x00000228       0x20 c:/program files/microchip/xc32/v1.33/bin/bin/../../lib/gcc/pic32mx/4.5.2/../../../../pic32mx/lib\libpic32.a(default-general-exception-handler.o)
 .debug_aranges
                0x00000248       0x20 c:/program files/microchip/xc32/v1.33/bin/bin/../../lib/gcc/pic32mx/4.5.2/../../../../pic32mx/lib\libpic32.a(defaultinterrupt.o)
 .debug_aranges
                0x00000268       0xa0 c:/program files/microchip/xc32/v1.33/bin/bin/../../lib/gcc/pic32mx/4.5.2/../../../../pic32mx/lib\libc.a(ctypef.o)
 .debug_aranges
                0x00000308       0x20 c:/program files/microchip/xc32/v1.33/bin/bin/../../lib/gcc/pic32mx/4.5.2/../../../../pic32mx/lib\libc.a(strchr.o)
 .debug_aranges
                0x00000328       0x20 c:/program files/microchip/xc32/v1.33/bin/bin/../../lib/gcc/pic32mx/4.5.2/../../../../pic32mx/lib\libc.a(strncpy.o)

.debug_pubnames
                0x00000000     0x1a7c
 *(.debug_pubnames)
 .debug_pubnames
                0x00000000       0x30 objects\main.o
 .debug_pubnames
                0x00000030      0x158 objects\TimerFunctions.o
 .debug_pubnames
                0x00000188      0xccf objects\global_var.o
 .debug_pubnames
                0x00000e57       0x8f objects\EEPROM.o
 .debug_pubnames
                0x00000ee6      0x1c0 objects\SD-SPI.o
 .debug_pubnames
                0x000010a6      0x5d9 objects\FSIO.o
 .debug_pubnames
                0x0000167f       0x2d objects\pwm.o
 .debug_pubnames
                0x000016ac       0xb5 objects\F_COM1_A.o
 .debug_pubnames
                0x00001761       0x3b D:\SCUOLA\PIC32_START\source\libmchp_peripheral_32MX575F512L.a(pcache.o)
 .debug_pubnames
                0x0000179c       0x2b D:\SCUOLA\PIC32_START\source\libmchp_peripheral_32MX575F512L.a(int_disable_interrupts_lib.o)
 .debug_pubnames
                0x000017c7       0x2b D:\SCUOLA\PIC32_START\source\libmchp_peripheral_32MX575F512L.a(int_restore_interrupts_lib.o)
 .debug_pubnames
                0x000017f2       0x36 D:\SCUOLA\PIC32_START\source\libmchp_peripheral_32MX575F512L.a(int_enable_mv_int_lib.o)
 .debug_pubnames
                0x00001828       0x1f D:\SCUOLA\PIC32_START\source\libmchp_peripheral_32MX575F512L.a(spi_getc_spi2_lib_legacy.o)
 .debug_pubnames
                0x00001847       0x1f D:\SCUOLA\PIC32_START\source\libmchp_peripheral_32MX575F512L.a(spi_open_spi2_lib_legacy.o)
 .debug_pubnames
                0x00001866       0x2a D:\SCUOLA\PIC32_START\source\libmchp_peripheral_32MX575F512L.a(int_enable_interrupts_lib.o)
 .debug_pubnames
                0x00001890       0x33 c:/program files/microchip/xc32/v1.33/bin/bin/../../lib/gcc/pic32mx/4.5.2/../../../../pic32mx/lib\libpic32.a(default-bootstrap-exception-handler.o)
 .debug_pubnames
                0x000018c3       0x20 c:/program files/microchip/xc32/v1.33/bin/bin/../../lib/gcc/pic32mx/4.5.2/../../../../pic32mx/lib\libpic32.a(default-on-reset.o)
 .debug_pubnames
                0x000018e3       0x24 c:/program files/microchip/xc32/v1.33/bin/bin/../../lib/gcc/pic32mx/4.5.2/../../../../pic32mx/lib\libpic32.a(default-on-bootstrap.o)
 .debug_pubnames
                0x00001907       0x31 c:/program files/microchip/xc32/v1.33/bin/bin/../../lib/gcc/pic32mx/4.5.2/../../../../pic32mx/lib\libpic32.a(default-general-exception-handler.o)
 .debug_pubnames
                0x00001938       0x28 c:/program files/microchip/xc32/v1.33/bin/bin/../../lib/gcc/pic32mx/4.5.2/../../../../pic32mx/lib\libpic32.a(defaultinterrupt.o)
 .debug_pubnames
                0x00001960       0xe1 c:/program files/microchip/xc32/v1.33/bin/bin/../../lib/gcc/pic32mx/4.5.2/../../../../pic32mx/lib\libc.a(ctypef.o)
 .debug_pubnames
                0x00001a41       0x1d c:/program files/microchip/xc32/v1.33/bin/bin/../../lib/gcc/pic32mx/4.5.2/../../../../pic32mx/lib\libc.a(strchr.o)
 .debug_pubnames
                0x00001a5e       0x1e c:/program files/microchip/xc32/v1.33/bin/bin/../../lib/gcc/pic32mx/4.5.2/../../../../pic32mx/lib\libc.a(strncpy.o)

.debug_info     0x00000000    0x153b0
 *(.debug_info .gnu.linkonce.wi.*)
 .debug_info    0x00000000     0x2379 objects\main.o
 .debug_info    0x00002379     0x2364 objects\TimerFunctions.o
 .debug_info    0x000046dd     0x481e objects\global_var.o
 .debug_info    0x00008efb     0x1597 objects\EEPROM.o
 .debug_info    0x0000a492     0x2440 objects\SD-SPI.o
 .debug_info    0x0000c8d2     0x454f objects\FSIO.o
 .debug_info    0x00010e21     0x1c2a objects\pwm.o
 .debug_info    0x00012a4b     0x1c4c objects\F_COM1_A.o
 .debug_info    0x00014697       0xd4 D:\SCUOLA\PIC32_START\source\libmchp_peripheral_32MX575F512L.a(pcache.o)
 .debug_info    0x0001476b       0xcb D:\SCUOLA\PIC32_START\source\libmchp_peripheral_32MX575F512L.a(int_disable_interrupts_lib.o)
 .debug_info    0x00014836       0xcb D:\SCUOLA\PIC32_START\source\libmchp_peripheral_32MX575F512L.a(int_restore_interrupts_lib.o)
 .debug_info    0x00014901       0xd1 D:\SCUOLA\PIC32_START\source\libmchp_peripheral_32MX575F512L.a(int_enable_mv_int_lib.o)
 .debug_info    0x000149d2       0xbd D:\SCUOLA\PIC32_START\source\libmchp_peripheral_32MX575F512L.a(spi_getc_spi2_lib_legacy.o)
 .debug_info    0x00014a8f       0xbd D:\SCUOLA\PIC32_START\source\libmchp_peripheral_32MX575F512L.a(spi_open_spi2_lib_legacy.o)
 .debug_info    0x00014b4c        0x0 D:\SCUOLA\PIC32_START\source\libmchp_peripheral_32MX575F512L.a(spi_brg_tbl_lib_legacy.o)
 .debug_info    0x00014b4c       0xc9 D:\SCUOLA\PIC32_START\source\libmchp_peripheral_32MX575F512L.a(int_enable_interrupts_lib.o)
 .debug_info    0x00014c15       0xe2 c:/program files/microchip/xc32/v1.33/bin/bin/../../lib/gcc/pic32mx/4.5.2/../../../../pic32mx/lib\libpic32.a(default-bootstrap-exception-handler.o)
 .debug_info    0x00014cf7       0xbc c:/program files/microchip/xc32/v1.33/bin/bin/../../lib/gcc/pic32mx/4.5.2/../../../../pic32mx/lib\libpic32.a(default-on-reset.o)
 .debug_info    0x00014db3       0xc4 c:/program files/microchip/xc32/v1.33/bin/bin/../../lib/gcc/pic32mx/4.5.2/../../../../pic32mx/lib\libpic32.a(default-on-bootstrap.o)
 .debug_info    0x00014e77       0xde c:/program files/microchip/xc32/v1.33/bin/bin/../../lib/gcc/pic32mx/4.5.2/../../../../pic32mx/lib\libpic32.a(default-general-exception-handler.o)
 .debug_info    0x00014f55       0xd6 c:/program files/microchip/xc32/v1.33/bin/bin/../../lib/gcc/pic32mx/4.5.2/../../../../pic32mx/lib\libpic32.a(defaultinterrupt.o)
 .debug_info    0x0001502b      0x219 c:/program files/microchip/xc32/v1.33/bin/bin/../../lib/gcc/pic32mx/4.5.2/../../../../pic32mx/lib\libc.a(ctypef.o)
 .debug_info    0x00015244       0xb5 c:/program files/microchip/xc32/v1.33/bin/bin/../../lib/gcc/pic32mx/4.5.2/../../../../pic32mx/lib\libc.a(strchr.o)
 .debug_info    0x000152f9       0xb7 c:/program files/microchip/xc32/v1.33/bin/bin/../../lib/gcc/pic32mx/4.5.2/../../../../pic32mx/lib\libc.a(strncpy.o)
 .debug_info    0x000153b0        0x0 c:/program files/microchip/xc32/v1.33/bin/bin/../../lib/gcc/pic32mx/4.5.2/../../../../pic32mx/lib\libc.a(ctype.o)

.debug_abbrev   0x00000000     0x14e6
 *(.debug_abbrev)
 .debug_abbrev  0x00000000      0x2cf objects\main.o
 .debug_abbrev  0x000002cf      0x203 objects\TimerFunctions.o
 .debug_abbrev  0x000004d2      0x217 objects\global_var.o
 .debug_abbrev  0x000006e9      0x1d8 objects\EEPROM.o
 .debug_abbrev  0x000008c1      0x327 objects\SD-SPI.o
 .debug_abbrev  0x00000be8      0x2ed objects\FSIO.o
 .debug_abbrev  0x00000ed5      0x1c5 objects\pwm.o
 .debug_abbrev  0x0000109a      0x21f objects\F_COM1_A.o
 .debug_abbrev  0x000012b9       0x25 D:\SCUOLA\PIC32_START\source\libmchp_peripheral_32MX575F512L.a(pcache.o)
 .debug_abbrev  0x000012de       0x25 D:\SCUOLA\PIC32_START\source\libmchp_peripheral_32MX575F512L.a(int_disable_interrupts_lib.o)
 .debug_abbrev  0x00001303       0x25 D:\SCUOLA\PIC32_START\source\libmchp_peripheral_32MX575F512L.a(int_restore_interrupts_lib.o)
 .debug_abbrev  0x00001328       0x25 D:\SCUOLA\PIC32_START\source\libmchp_peripheral_32MX575F512L.a(int_enable_mv_int_lib.o)
 .debug_abbrev  0x0000134d       0x25 D:\SCUOLA\PIC32_START\source\libmchp_peripheral_32MX575F512L.a(spi_getc_spi2_lib_legacy.o)
 .debug_abbrev  0x00001372       0x25 D:\SCUOLA\PIC32_START\source\libmchp_peripheral_32MX575F512L.a(spi_open_spi2_lib_legacy.o)
 .debug_abbrev  0x00001397        0x1 D:\SCUOLA\PIC32_START\source\libmchp_peripheral_32MX575F512L.a(spi_brg_tbl_lib_legacy.o)
 .debug_abbrev  0x00001398       0x25 D:\SCUOLA\PIC32_START\source\libmchp_peripheral_32MX575F512L.a(int_enable_interrupts_lib.o)
 .debug_abbrev  0x000013bd       0x25 c:/program files/microchip/xc32/v1.33/bin/bin/../../lib/gcc/pic32mx/4.5.2/../../../../pic32mx/lib\libpic32.a(default-bootstrap-exception-handler.o)
 .debug_abbrev  0x000013e2       0x25 c:/program files/microchip/xc32/v1.33/bin/bin/../../lib/gcc/pic32mx/4.5.2/../../../../pic32mx/lib\libpic32.a(default-on-reset.o)
 .debug_abbrev  0x00001407       0x25 c:/program files/microchip/xc32/v1.33/bin/bin/../../lib/gcc/pic32mx/4.5.2/../../../../pic32mx/lib\libpic32.a(default-on-bootstrap.o)
 .debug_abbrev  0x0000142c       0x25 c:/program files/microchip/xc32/v1.33/bin/bin/../../lib/gcc/pic32mx/4.5.2/../../../../pic32mx/lib\libpic32.a(default-general-exception-handler.o)
 .debug_abbrev  0x00001451       0x25 c:/program files/microchip/xc32/v1.33/bin/bin/../../lib/gcc/pic32mx/4.5.2/../../../../pic32mx/lib\libpic32.a(defaultinterrupt.o)
 .debug_abbrev  0x00001476       0x25 c:/program files/microchip/xc32/v1.33/bin/bin/../../lib/gcc/pic32mx/4.5.2/../../../../pic32mx/lib\libc.a(ctypef.o)
 .debug_abbrev  0x0000149b       0x25 c:/program files/microchip/xc32/v1.33/bin/bin/../../lib/gcc/pic32mx/4.5.2/../../../../pic32mx/lib\libc.a(strchr.o)
 .debug_abbrev  0x000014c0       0x25 c:/program files/microchip/xc32/v1.33/bin/bin/../../lib/gcc/pic32mx/4.5.2/../../../../pic32mx/lib\libc.a(strncpy.o)
 .debug_abbrev  0x000014e5        0x1 c:/program files/microchip/xc32/v1.33/bin/bin/../../lib/gcc/pic32mx/4.5.2/../../../../pic32mx/lib\libc.a(ctype.o)

.debug_line     0x00000000     0x26a4
 *(.debug_line)
 .debug_line    0x00000000      0x27c objects\main.o
 .debug_line    0x0000027c      0x18b objects\TimerFunctions.o
 .debug_line    0x00000407      0x12e objects\global_var.o
 .debug_line    0x00000535      0x228 objects\EEPROM.o
 .debug_line    0x0000075d      0x2f7 objects\SD-SPI.o
 .debug_line    0x00000a54     0x11bf objects\FSIO.o
 .debug_line    0x00001c13      0x168 objects\pwm.o
 .debug_line    0x00001d7b      0x200 objects\F_COM1_A.o
 .debug_line    0x00001f7b       0x62 D:\SCUOLA\PIC32_START\source\libmchp_peripheral_32MX575F512L.a(pcache.o)
 .debug_line    0x00001fdd       0x73 D:\SCUOLA\PIC32_START\source\libmchp_peripheral_32MX575F512L.a(int_disable_interrupts_lib.o)
 .debug_line    0x00002050       0x73 D:\SCUOLA\PIC32_START\source\libmchp_peripheral_32MX575F512L.a(int_restore_interrupts_lib.o)
 .debug_line    0x000020c3       0x6e D:\SCUOLA\PIC32_START\source\libmchp_peripheral_32MX575F512L.a(int_enable_mv_int_lib.o)
 .debug_line    0x00002131       0x71 D:\SCUOLA\PIC32_START\source\libmchp_peripheral_32MX575F512L.a(spi_getc_spi2_lib_legacy.o)
 .debug_line    0x000021a2       0x71 D:\SCUOLA\PIC32_START\source\libmchp_peripheral_32MX575F512L.a(spi_open_spi2_lib_legacy.o)
 .debug_line    0x00002213        0x0 D:\SCUOLA\PIC32_START\source\libmchp_peripheral_32MX575F512L.a(spi_brg_tbl_lib_legacy.o)
 .debug_line    0x00002213       0x72 D:\SCUOLA\PIC32_START\source\libmchp_peripheral_32MX575F512L.a(int_enable_interrupts_lib.o)
 .debug_line    0x00002285       0x97 c:/program files/microchip/xc32/v1.33/bin/bin/../../lib/gcc/pic32mx/4.5.2/../../../../pic32mx/lib\libpic32.a(default-bootstrap-exception-handler.o)
 .debug_line    0x0000231c       0x84 c:/program files/microchip/xc32/v1.33/bin/bin/../../lib/gcc/pic32mx/4.5.2/../../../../pic32mx/lib\libpic32.a(default-on-reset.o)
 .debug_line    0x000023a0       0x88 c:/program files/microchip/xc32/v1.33/bin/bin/../../lib/gcc/pic32mx/4.5.2/../../../../pic32mx/lib\libpic32.a(default-on-bootstrap.o)
 .debug_line    0x00002428       0x95 c:/program files/microchip/xc32/v1.33/bin/bin/../../lib/gcc/pic32mx/4.5.2/../../../../pic32mx/lib\libpic32.a(default-general-exception-handler.o)
 .debug_line    0x000024bd       0x96 c:/program files/microchip/xc32/v1.33/bin/bin/../../lib/gcc/pic32mx/4.5.2/../../../../pic32mx/lib\libpic32.a(defaultinterrupt.o)
 .debug_line    0x00002553       0x70 c:/program files/microchip/xc32/v1.33/bin/bin/../../lib/gcc/pic32mx/4.5.2/../../../../pic32mx/lib\libc.a(ctypef.o)
 .debug_line    0x000025c3       0x70 c:/program files/microchip/xc32/v1.33/bin/bin/../../lib/gcc/pic32mx/4.5.2/../../../../pic32mx/lib\libc.a(strchr.o)
 .debug_line    0x00002633       0x71 c:/program files/microchip/xc32/v1.33/bin/bin/../../lib/gcc/pic32mx/4.5.2/../../../../pic32mx/lib\libc.a(strncpy.o)
 .debug_line    0x000026a4        0x0 c:/program files/microchip/xc32/v1.33/bin/bin/../../lib/gcc/pic32mx/4.5.2/../../../../pic32mx/lib\libc.a(ctype.o)

.debug_frame    0x00000000     0x1080
 *(.debug_frame)
 .debug_frame   0x00000000       0x48 objects\main.o
 .debug_frame   0x00000048      0x200 objects\TimerFunctions.o
 .debug_frame   0x00000248      0x130 objects\EEPROM.o
 .debug_frame   0x00000378      0x1dc objects\SD-SPI.o
 .debug_frame   0x00000554      0x6c4 objects\FSIO.o
 .debug_frame   0x00000c18       0x48 objects\pwm.o
 .debug_frame   0x00000c60      0x118 objects\F_COM1_A.o
 .debug_frame   0x00000d78       0x30 D:\SCUOLA\PIC32_START\source\libmchp_peripheral_32MX575F512L.a(pcache.o)
 .debug_frame   0x00000da8       0x20 D:\SCUOLA\PIC32_START\source\libmchp_peripheral_32MX575F512L.a(int_disable_interrupts_lib.o)
 .debug_frame   0x00000dc8       0x20 D:\SCUOLA\PIC32_START\source\libmchp_peripheral_32MX575F512L.a(int_restore_interrupts_lib.o)
 .debug_frame   0x00000de8       0x28 D:\SCUOLA\PIC32_START\source\libmchp_peripheral_32MX575F512L.a(int_enable_mv_int_lib.o)
 .debug_frame   0x00000e10       0x20 D:\SCUOLA\PIC32_START\source\libmchp_peripheral_32MX575F512L.a(spi_getc_spi2_lib_legacy.o)
 .debug_frame   0x00000e30       0x20 D:\SCUOLA\PIC32_START\source\libmchp_peripheral_32MX575F512L.a(spi_open_spi2_lib_legacy.o)
 .debug_frame   0x00000e50       0x20 D:\SCUOLA\PIC32_START\source\libmchp_peripheral_32MX575F512L.a(int_enable_interrupts_lib.o)
 .debug_frame   0x00000e70       0x28 c:/program files/microchip/xc32/v1.33/bin/bin/../../lib/gcc/pic32mx/4.5.2/../../../../pic32mx/lib\libpic32.a(default-bootstrap-exception-handler.o)
 .debug_frame   0x00000e98       0x20 c:/program files/microchip/xc32/v1.33/bin/bin/../../lib/gcc/pic32mx/4.5.2/../../../../pic32mx/lib\libpic32.a(default-on-reset.o)
 .debug_frame   0x00000eb8       0x20 c:/program files/microchip/xc32/v1.33/bin/bin/../../lib/gcc/pic32mx/4.5.2/../../../../pic32mx/lib\libpic32.a(default-on-bootstrap.o)
 .debug_frame   0x00000ed8       0x28 c:/program files/microchip/xc32/v1.33/bin/bin/../../lib/gcc/pic32mx/4.5.2/../../../../pic32mx/lib\libpic32.a(default-general-exception-handler.o)
 .debug_frame   0x00000f00       0x20 c:/program files/microchip/xc32/v1.33/bin/bin/../../lib/gcc/pic32mx/4.5.2/../../../../pic32mx/lib\libpic32.a(defaultinterrupt.o)
 .debug_frame   0x00000f20      0x120 c:/program files/microchip/xc32/v1.33/bin/bin/../../lib/gcc/pic32mx/4.5.2/../../../../pic32mx/lib\libc.a(ctypef.o)
 .debug_frame   0x00001040       0x20 c:/program files/microchip/xc32/v1.33/bin/bin/../../lib/gcc/pic32mx/4.5.2/../../../../pic32mx/lib\libc.a(strchr.o)
 .debug_frame   0x00001060       0x20 c:/program files/microchip/xc32/v1.33/bin/bin/../../lib/gcc/pic32mx/4.5.2/../../../../pic32mx/lib\libc.a(strncpy.o)

.debug_str      0x00000000     0x1082
 *(.debug_str)
 .debug_str     0x00000000      0x163 objects\main.o
 .debug_str     0x00000163      0x108 objects\TimerFunctions.o
 .debug_str     0x0000026b      0x404 objects\global_var.o
 .debug_str     0x0000066f      0x114 objects\EEPROM.o
 .debug_str     0x00000783      0x1ec objects\SD-SPI.o
 .debug_str     0x0000096f      0x4ab objects\FSIO.o
 .debug_str     0x00000e1a      0x12d objects\pwm.o
 .debug_str     0x00000f47      0x13b objects\F_COM1_A.o
 .debug_str     0x00001082        0x0 D:\SCUOLA\PIC32_START\source\libmchp_peripheral_32MX575F512L.a(pcache.o)
 .debug_str     0x00001082        0x0 D:\SCUOLA\PIC32_START\source\libmchp_peripheral_32MX575F512L.a(int_disable_interrupts_lib.o)
 .debug_str     0x00001082        0x0 D:\SCUOLA\PIC32_START\source\libmchp_peripheral_32MX575F512L.a(int_restore_interrupts_lib.o)
 .debug_str     0x00001082        0x0 D:\SCUOLA\PIC32_START\source\libmchp_peripheral_32MX575F512L.a(int_enable_mv_int_lib.o)
 .debug_str     0x00001082        0x0 D:\SCUOLA\PIC32_START\source\libmchp_peripheral_32MX575F512L.a(spi_getc_spi2_lib_legacy.o)
 .debug_str     0x00001082        0x0 D:\SCUOLA\PIC32_START\source\libmchp_peripheral_32MX575F512L.a(spi_open_spi2_lib_legacy.o)
 .debug_str     0x00001082        0x0 D:\SCUOLA\PIC32_START\source\libmchp_peripheral_32MX575F512L.a(spi_brg_tbl_lib_legacy.o)
 .debug_str     0x00001082        0x0 D:\SCUOLA\PIC32_START\source\libmchp_peripheral_32MX575F512L.a(int_enable_interrupts_lib.o)
 .debug_str     0x00001082        0x0 c:/program files/microchip/xc32/v1.33/bin/bin/../../lib/gcc/pic32mx/4.5.2/../../../../pic32mx/lib\libpic32.a(default-bootstrap-exception-handler.o)
 .debug_str     0x00001082        0x0 c:/program files/microchip/xc32/v1.33/bin/bin/../../lib/gcc/pic32mx/4.5.2/../../../../pic32mx/lib\libpic32.a(default-on-reset.o)
 .debug_str     0x00001082        0x0 c:/program files/microchip/xc32/v1.33/bin/bin/../../lib/gcc/pic32mx/4.5.2/../../../../pic32mx/lib\libpic32.a(default-on-bootstrap.o)
 .debug_str     0x00001082        0x0 c:/program files/microchip/xc32/v1.33/bin/bin/../../lib/gcc/pic32mx/4.5.2/../../../../pic32mx/lib\libpic32.a(default-general-exception-handler.o)
 .debug_str     0x00001082        0x0 c:/program files/microchip/xc32/v1.33/bin/bin/../../lib/gcc/pic32mx/4.5.2/../../../../pic32mx/lib\libpic32.a(defaultinterrupt.o)
 .debug_str     0x00001082        0x0 c:/program files/microchip/xc32/v1.33/bin/bin/../../lib/gcc/pic32mx/4.5.2/../../../../pic32mx/lib\libc.a(ctypef.o)
 .debug_str     0x00001082        0x0 c:/program files/microchip/xc32/v1.33/bin/bin/../../lib/gcc/pic32mx/4.5.2/../../../../pic32mx/lib\libc.a(strchr.o)
 .debug_str     0x00001082        0x0 c:/program files/microchip/xc32/v1.33/bin/bin/../../lib/gcc/pic32mx/4.5.2/../../../../pic32mx/lib\libc.a(strncpy.o)
 .debug_str     0x00001082        0x0 c:/program files/microchip/xc32/v1.33/bin/bin/../../lib/gcc/pic32mx/4.5.2/../../../../pic32mx/lib\libc.a(ctype.o)

.debug_loc
 *(.debug_loc)

.debug_macinfo
 *(.debug_macinfo)

.debug_weaknames
 *(.debug_weaknames)

.debug_funcnames
 *(.debug_funcnames)

.debug_typenames
 *(.debug_typenames)

.debug_varnames
 *(.debug_varnames)

.debug_pubtypes
                0x00000000      0xa12
 *(.debug_pubtypes)
 .debug_pubtypes
                0x00000000      0x14e objects\main.o
 .debug_pubtypes
                0x0000014e      0x14e objects\TimerFunctions.o
 .debug_pubtypes
                0x0000029c       0xc7 objects\global_var.o
 .debug_pubtypes
                0x00000363       0xf2 objects\EEPROM.o
 .debug_pubtypes
                0x00000455      0x1a0 objects\SD-SPI.o
 .debug_pubtypes
                0x000005f5      0x1db objects\FSIO.o
 .debug_pubtypes
                0x000007d0      0x12a objects\pwm.o
 .debug_pubtypes
                0x000008fa      0x118 objects\F_COM1_A.o

.debug_ranges   0x00000000      0x178
 *(.debug_ranges)
 .debug_ranges  0x00000000       0x18 D:\SCUOLA\PIC32_START\source\libmchp_peripheral_32MX575F512L.a(pcache.o)
 .debug_ranges  0x00000018       0x10 D:\SCUOLA\PIC32_START\source\libmchp_peripheral_32MX575F512L.a(int_disable_interrupts_lib.o)
 .debug_ranges  0x00000028       0x10 D:\SCUOLA\PIC32_START\source\libmchp_peripheral_32MX575F512L.a(int_restore_interrupts_lib.o)
 .debug_ranges  0x00000038       0x10 D:\SCUOLA\PIC32_START\source\libmchp_peripheral_32MX575F512L.a(int_enable_mv_int_lib.o)
 .debug_ranges  0x00000048       0x10 D:\SCUOLA\PIC32_START\source\libmchp_peripheral_32MX575F512L.a(spi_getc_spi2_lib_legacy.o)
 .debug_ranges  0x00000058       0x10 D:\SCUOLA\PIC32_START\source\libmchp_peripheral_32MX575F512L.a(spi_open_spi2_lib_legacy.o)
 .debug_ranges  0x00000068       0x10 D:\SCUOLA\PIC32_START\source\libmchp_peripheral_32MX575F512L.a(int_enable_interrupts_lib.o)
 .debug_ranges  0x00000078       0x10 c:/program files/microchip/xc32/v1.33/bin/bin/../../lib/gcc/pic32mx/4.5.2/../../../../pic32mx/lib\libpic32.a(default-bootstrap-exception-handler.o)
 .debug_ranges  0x00000088       0x10 c:/program files/microchip/xc32/v1.33/bin/bin/../../lib/gcc/pic32mx/4.5.2/../../../../pic32mx/lib\libpic32.a(default-on-reset.o)
 .debug_ranges  0x00000098       0x10 c:/program files/microchip/xc32/v1.33/bin/bin/../../lib/gcc/pic32mx/4.5.2/../../../../pic32mx/lib\libpic32.a(default-on-bootstrap.o)
 .debug_ranges  0x000000a8       0x10 c:/program files/microchip/xc32/v1.33/bin/bin/../../lib/gcc/pic32mx/4.5.2/../../../../pic32mx/lib\libpic32.a(default-general-exception-handler.o)
 .debug_ranges  0x000000b8       0x10 c:/program files/microchip/xc32/v1.33/bin/bin/../../lib/gcc/pic32mx/4.5.2/../../../../pic32mx/lib\libpic32.a(defaultinterrupt.o)
 .debug_ranges  0x000000c8       0x90 c:/program files/microchip/xc32/v1.33/bin/bin/../../lib/gcc/pic32mx/4.5.2/../../../../pic32mx/lib\libc.a(ctypef.o)
 .debug_ranges  0x00000158       0x10 c:/program files/microchip/xc32/v1.33/bin/bin/../../lib/gcc/pic32mx/4.5.2/../../../../pic32mx/lib\libc.a(strchr.o)
 .debug_ranges  0x00000168       0x10 c:/program files/microchip/xc32/v1.33/bin/bin/../../lib/gcc/pic32mx/4.5.2/../../../../pic32mx/lib\libc.a(strncpy.o)

.gnu.attributes
                0x00000000       0x10
 *(.gnu.attributes)
 .gnu.attributes
                0x00000000       0x10 objects\main.o
 .gnu.attributes
                0x00000010       0x10 objects\TimerFunctions.o
 .gnu.attributes
                0x00000020       0x10 objects\global_var.o
 .gnu.attributes
                0x00000030       0x10 objects\EEPROM.o
 .gnu.attributes
                0x00000040       0x10 objects\SD-SPI.o
 .gnu.attributes
                0x00000050       0x10 objects\FSIO.o
 .gnu.attributes
                0x00000060       0x10 objects\pwm.o
 .gnu.attributes
                0x00000070       0x10 objects\F_COM1_A.o
 .gnu.attributes
                0x00000080       0x10 D:\SCUOLA\PIC32_START\source\libmchp_peripheral_32MX575F512L.a(pcache.o)
 .gnu.attributes
                0x00000090       0x10 D:\SCUOLA\PIC32_START\source\libmchp_peripheral_32MX575F512L.a(int_disable_interrupts_lib.o)
 .gnu.attributes
                0x000000a0       0x10 D:\SCUOLA\PIC32_START\source\libmchp_peripheral_32MX575F512L.a(int_restore_interrupts_lib.o)
 .gnu.attributes
                0x000000b0       0x10 D:\SCUOLA\PIC32_START\source\libmchp_peripheral_32MX575F512L.a(int_enable_mv_int_lib.o)
 .gnu.attributes
                0x000000c0       0x10 D:\SCUOLA\PIC32_START\source\libmchp_peripheral_32MX575F512L.a(spi_getc_spi2_lib_legacy.o)
 .gnu.attributes
                0x000000d0       0x10 D:\SCUOLA\PIC32_START\source\libmchp_peripheral_32MX575F512L.a(spi_open_spi2_lib_legacy.o)
 .gnu.attributes
                0x000000e0       0x10 D:\SCUOLA\PIC32_START\source\libmchp_peripheral_32MX575F512L.a(spi_brg_tbl_lib_legacy.o)
 .gnu.attributes
                0x000000f0       0x10 D:\SCUOLA\PIC32_START\source\libmchp_peripheral_32MX575F512L.a(int_enable_interrupts_lib.o)
 .gnu.attributes
                0x00000100       0x10 c:/program files/microchip/xc32/v1.33/bin/bin/../../lib/gcc/pic32mx/4.5.2/../../../../pic32mx/lib\libpic32.a(default-bootstrap-exception-handler.o)
 .gnu.attributes
                0x00000110       0x10 c:/program files/microchip/xc32/v1.33/bin/bin/../../lib/gcc/pic32mx/4.5.2/../../../../pic32mx/lib\libpic32.a(default-on-reset.o)
 .gnu.attributes
                0x00000120       0x10 c:/program files/microchip/xc32/v1.33/bin/bin/../../lib/gcc/pic32mx/4.5.2/../../../../pic32mx/lib\libpic32.a(default-on-bootstrap.o)
 .gnu.attributes
                0x00000130       0x10 c:/program files/microchip/xc32/v1.33/bin/bin/../../lib/gcc/pic32mx/4.5.2/../../../../pic32mx/lib\libpic32.a(default-general-exception-handler.o)
 .gnu.attributes
                0x00000140       0x10 c:/program files/microchip/xc32/v1.33/bin/bin/../../lib/gcc/pic32mx/4.5.2/../../../../pic32mx/lib\libpic32.a(defaultinterrupt.o)
 .gnu.attributes
                0x00000150       0x10 c:/program files/microchip/xc32/v1.33/bin/bin/../../lib/gcc/pic32mx/4.5.2/../../../../pic32mx/lib\libc.a(ctypef.o)
 .gnu.attributes
                0x00000160       0x10 c:/program files/microchip/xc32/v1.33/bin/bin/../../lib/gcc/pic32mx/4.5.2/../../../../pic32mx/lib\libc.a(strchr.o)
 .gnu.attributes
                0x00000170       0x10 c:/program files/microchip/xc32/v1.33/bin/bin/../../lib/gcc/pic32mx/4.5.2/../../../../pic32mx/lib\libc.a(strncpy.o)
 .gnu.attributes
                0x00000180       0x10 c:/program files/microchip/xc32/v1.33/bin/bin/../../lib/gcc/pic32mx/4.5.2/../../../../pic32mx/lib\libc.a(ctype.o)
                0x00000001                __MPLAB_BUILD = 0x1
LOAD c:/program files/microchip/xc32/v1.33/bin/bin/../../lib/gcc/pic32mx/4.5.2/../../../../pic32mx/lib/./proc/32MX575F512L\default_isr_vectors.o
LOAD c:/program files/microchip/xc32/v1.33/bin/bin/../../lib/gcc/pic32mx/4.5.2/../../../../pic32mx/lib\pic32_software_reset.o
LOAD c:/program files/microchip/xc32/v1.33/bin/bin/../../lib/gcc/pic32mx/4.5.2\libgcc.a
START GROUP
LOAD c:/program files/microchip/xc32/v1.33/bin/bin/../../lib/gcc/pic32mx/4.5.2/../../../../pic32mx/lib\libpic32.a
LOAD c:/program files/microchip/xc32/v1.33/bin/bin/../../lib/gcc/pic32mx/4.5.2/../../../../pic32mx/lib\libdebug.a
LOAD c:/program files/microchip/xc32/v1.33/bin/bin/../../lib/gcc/pic32mx/4.5.2/../../../../pic32mx/lib\libpic32.a
LOAD c:/program files/microchip/xc32/v1.33/bin/bin/../../lib/gcc/pic32mx/4.5.2/../../../../pic32mx/lib\libm.a
LOAD c:/program files/microchip/xc32/v1.33/bin/bin/../../lib/gcc/pic32mx/4.5.2/../../../../pic32mx/lib\libe.a
LOAD c:/program files/microchip/xc32/v1.33/bin/bin/../../lib/gcc/pic32mx/4.5.2/../../../../pic32mx/lib\libdsp.a
LOAD c:/program files/microchip/xc32/v1.33/bin/bin/../../lib/gcc/pic32mx/4.5.2\libgcc.a
LOAD c:/program files/microchip/xc32/v1.33/bin/bin/../../lib/gcc/pic32mx/4.5.2/../../../../pic32mx/lib\libc.a
LOAD c:/program files/microchip/xc32/v1.33/bin/bin/../../lib/gcc/pic32mx/4.5.2/../../../../pic32mx/lib\libpic32.a
END GROUP
LOAD c:/program files/microchip/xc32/v1.33/bin/bin/../../lib/gcc/pic32mx/4.5.2\libgcc.a
OUTPUT(PIC32_TOUCH.elf elf32-tradlittlemips)
LOAD stack
LOAD data_init

.reginfo        0x00000000       0x18
 .reginfo       0x00000000       0x18 c:/program files/microchip/xc32/v1.33/bin/bin/../../lib/gcc/pic32mx/4.5.2/../../../../pic32mx/lib/./proc/32MX575F512L/crt0_mips32r2.o

.stack          0xa0005358      0x400
 .stack         0xa0005358      0x400 stack

.data           0xa0003894     0x1a1c
 .data          0xa0003894     0x1a1c objects\global_var.o
                0xa0003894                WIRELESS_MSG
                0xa00038b4                nomi_gg
                0xa00038dc                nomi_g
                0xa0003904                COD
                0xa0003914                VEL
                0xa0003940                SCALA_RAMPA
                0xa000396c                lista_z
                0xa0003984                zone_default
                0xa0003a34                Imp_default
                0xa0003a78                TIMER_default
                0xa0003a98                aree_sens_t
                0xa0003bd8                aree_sens
                0xa0003f98                menu_ON_OFF
                0xa0003fa8                menu_TIPO_MAC
                0xa0004028                STRINGHE
                0xa0004a28                NOMI_ERRORI
                0xa0004e28                NOMI_ALLARMI
                0xa0005228                IND_P
                0xa0005238                VELOCITA_PINZE
                0xa000524c                ACCELERAZIONE_PINZE
                0xa0005260                VELOCITA_ASSE_Z
                0xa0005274                ACCELERAZIONE_ASSE_Z
                0xa0005288                VELOCITA_NASTRO
                0xa000529c                Anticipi_Rampe

.bss            0xa00052b0       0x34
 .bss           0xa00052b0       0x34 objects\TimerFunctions.o

.data           0xa00052e4       0x28
 .data          0xa00052e4       0x28 objects\TimerFunctions.o

.bss            0xa000530c       0x20
 .bss           0xa000530c       0x20 objects\global_var.o
                0xa000530c                vettore_prova

.bss%z1         0x00000000        0x0
 .bss           0x00000000        0x0 c:/program files/microchip/xc32/v1.33/bin/bin/../../lib/gcc/pic32mx/4.5.2/../../../../pic32mx/lib\libc.a(ctype.o)

.data%z2        0x00000000        0x0
 .data          0x00000000        0x0 c:/program files/microchip/xc32/v1.33/bin/bin/../../lib/gcc/pic32mx/4.5.2/../../../../pic32mx/lib\libc.a(ctype.o)

.bss%z3         0x00000000        0x0
 .bss           0x00000000        0x0 c:/program files/microchip/xc32/v1.33/bin/bin/../../lib/gcc/pic32mx/4.5.2/../../../../pic32mx/lib\libc.a(strncpy.o)

.data%z4        0x00000000        0x0
 .data          0x00000000        0x0 c:/program files/microchip/xc32/v1.33/bin/bin/../../lib/gcc/pic32mx/4.5.2/../../../../pic32mx/lib\libc.a(strncpy.o)

.bss%z5         0x00000000        0x0
 .bss           0x00000000        0x0 c:/program files/microchip/xc32/v1.33/bin/bin/../../lib/gcc/pic32mx/4.5.2/../../../../pic32mx/lib\libc.a(strchr.o)

.data%z6        0x00000000        0x0
 .data          0x00000000        0x0 c:/program files/microchip/xc32/v1.33/bin/bin/../../lib/gcc/pic32mx/4.5.2/../../../../pic32mx/lib\libc.a(strchr.o)

.bss%z7         0x00000000        0x0
 .bss           0x00000000        0x0 c:/program files/microchip/xc32/v1.33/bin/bin/../../lib/gcc/pic32mx/4.5.2/../../../../pic32mx/lib\libc.a(ctypef.o)

.data%z8        0x00000000        0x0
 .data          0x00000000        0x0 c:/program files/microchip/xc32/v1.33/bin/bin/../../lib/gcc/pic32mx/4.5.2/../../../../pic32mx/lib\libc.a(ctypef.o)

.bss%z9         0x00000000        0x0
 .bss           0x00000000        0x0 c:/program files/microchip/xc32/v1.33/bin/bin/../../lib/gcc/pic32mx/4.5.2/../../../../pic32mx/lib\libpic32.a(defaultinterrupt.o)

.data%z10       0x00000000        0x0
 .data          0x00000000        0x0 c:/program files/microchip/xc32/v1.33/bin/bin/../../lib/gcc/pic32mx/4.5.2/../../../../pic32mx/lib\libpic32.a(defaultinterrupt.o)

.bss%z11        0x00000000        0x0
 .bss           0x00000000        0x0 c:/program files/microchip/xc32/v1.33/bin/bin/../../lib/gcc/pic32mx/4.5.2/../../../../pic32mx/lib\libpic32.a(default-general-exception-handler.o)

.data%z12       0x00000000        0x0
 .data          0x00000000        0x0 c:/program files/microchip/xc32/v1.33/bin/bin/../../lib/gcc/pic32mx/4.5.2/../../../../pic32mx/lib\libpic32.a(default-general-exception-handler.o)

.bss%z13        0x00000000        0x0
 .bss           0x00000000        0x0 c:/program files/microchip/xc32/v1.33/bin/bin/../../lib/gcc/pic32mx/4.5.2/../../../../pic32mx/lib\libpic32.a(vector63.o)

.data%z14       0x00000000        0x0
 .data          0x00000000        0x0 c:/program files/microchip/xc32/v1.33/bin/bin/../../lib/gcc/pic32mx/4.5.2/../../../../pic32mx/lib\libpic32.a(vector63.o)

.bss%z15        0x00000000        0x0
 .bss           0x00000000        0x0 c:/program files/microchip/xc32/v1.33/bin/bin/../../lib/gcc/pic32mx/4.5.2/../../../../pic32mx/lib\libpic32.a(vector62.o)

.data%z16       0x00000000        0x0
 .data          0x00000000        0x0 c:/program files/microchip/xc32/v1.33/bin/bin/../../lib/gcc/pic32mx/4.5.2/../../../../pic32mx/lib\libpic32.a(vector62.o)

.bss%z17        0x00000000        0x0
 .bss           0x00000000        0x0 c:/program files/microchip/xc32/v1.33/bin/bin/../../lib/gcc/pic32mx/4.5.2/../../../../pic32mx/lib\libpic32.a(vector61.o)

.data%z18       0x00000000        0x0
 .data          0x00000000        0x0 c:/program files/microchip/xc32/v1.33/bin/bin/../../lib/gcc/pic32mx/4.5.2/../../../../pic32mx/lib\libpic32.a(vector61.o)

.bss%z19        0x00000000        0x0
 .bss           0x00000000        0x0 c:/program files/microchip/xc32/v1.33/bin/bin/../../lib/gcc/pic32mx/4.5.2/../../../../pic32mx/lib\libpic32.a(vector60.o)

.data%z20       0x00000000        0x0
 .data          0x00000000        0x0 c:/program files/microchip/xc32/v1.33/bin/bin/../../lib/gcc/pic32mx/4.5.2/../../../../pic32mx/lib\libpic32.a(vector60.o)

.bss%z21        0x00000000        0x0